common.h:307:19:print_cpuinfo	0	static
trace.h:95:19:trace_early_init	0	static
board_f.c:271:12:setup_mon_len	0	static
board_f.c:284:12:arch_cpu_init	0	static
board_f.c:428:12:reserve_debugbuffer	0	static
board_f.c:440:12:reserve_logbuffer	0	static
board_f.c:465:12:reserve_round_4k	0	static
board_f.c:473:12:reserve_mmu	0	static
board_f.c:503:12:reserve_trace	0	static
board_f.c:527:12:reserve_uboot	0	static
board_f.c:551:12:reserve_malloc	0	static
board_f.c:580:12:setup_machine	0	static
board_f.c:588:12:reserve_global_data	0	static
board_f.c:661:12:reserve_stacks	0	static
board_f.c:715:12:display_new_sp	0	static
board_f.c:811:12:setup_dram_config	8	static
board_f.c:847:12:setup_reloc	8	static
board_f.c:151:12:display_text_info	8	static
board_f.c:832:12:reloc_sysconfig	16	static
board_f.c:819:12:reloc_fdt	8	static
board_f.c:598:12:reserve_sysconfig	8	static
board_f.c:635:12:reserve_fdt	8	static
board_f.c:569:12:reserve_board	8	static
board_f.c:174:12:announce_dram_init	8	static
board_f.c:899:12:init_func_pmubus	8	static
board_f.c:891:12:mark_bootstage	8	static
board_f.c:145:12:init_baud_rate	8	static
board_f.c:344:12:setup_fdt	8	static
board_f.c:85:13:__coloured_LED_init	0	static
board_f.c:88:13:__red_led_on	0	static
board_f.c:90:13:__red_led_off	0	static
board_f.c:92:13:__green_led_on	0	static
board_f.c:94:13:__green_led_off	0	static
board_f.c:96:13:__yellow_led_on	0	static
board_f.c:98:13:__yellow_led_off	0	static
board_f.c:100:13:__blue_led_on	0	static
board_f.c:102:13:__blue_led_off	0	static
board_f.c:137:6:__board_add_ram_info	0	static
board_f.c:228:6:__dram_init_banksize	8	static
board_f.c:382:14:board_get_usable_ram_top	0	static
board_f.c:387:12:setup_dest_addr	16	static
board_f.c:1125:6:board_init_f	312	static
