console.c:121:12:console_setfile	16	static
console.c:278:5:serial_printf	400	static
console.c:296:5:fgetc	8	static
console.c:327:5:ftstc	8	static
console.c:335:6:fputc	8	static
console.c:341:6:fputs	8	static
console.c:347:5:fprintf	404	static
console.c:368:5:getc	0	static
console.c:387:5:tstc	0	static
console.c:439:6:putc	0	static
console.c:474:6:mode_is_svc	0	static
console.c:490:6:puts	16	static
console.c:585:5:printf	408	static
console.c:536:5:display_time	400	static
console.c:553:5:uprintf	796	static
console.c:637:5:tick_printf	784	static
console.c:664:5:sunxi_printf_all	8	static
console.c:672:5:vprintf	392	static
console.c:695:5:ctrlc	8	static
console.c:713:5:confirm_yesno	16	static
console.c:740:5:disable_ctrlc	0	static
console.c:748:5:had_ctrlc	0	static
console.c:753:6:clear_ctrlc	0	static
console.c:791:13:dbg	0	static
console.c:798:19:search_device	8	static
console.c:810:5:console_assign	8	static
console.c:41:12:on_console	24	static
console.c:839:5:console_init_f	32	static
console.c:891:6:stdio_print_current_devices	8	static
console.c:1007:5:console_init_r	16	static
