de_dsi.c:19:5:dsi_delay_ms	8	static
de_dsi.c:26:5:dsi_delay_us	8	static
de_dsi.c:33:5:dsi_set_reg_base	0	static
de_dsi.c:41:5:dsi_get_reg_base	0	static
de_dsi.c:46:5:dsi_get_start_delay	12	static
de_dsi.c:63:5:dsi_get_cur_line	8	static
de_dsi.c:77:5:dsi_irq_enable	0	static
de_dsi.c:84:5:dsi_irq_disable	0	static
de_dsi.c:90:5:dsi_irq_query	0	static
de_dsi.c:106:5:dsi_inst_busy	0	static
de_dsi.c:111:5:dsi_start	0	static
de_dsi.c:162:5:dsi_open	8	static
de_dsi.c:182:5:dsi_close	8	static
de_dsi.c:202:7:dsi_mode_switch	0	static
de_dsi.c:207:7:dsi_gen_short_rd	0	static
de_dsi.c:212:5:dsi_tri_start	8	static
de_dsi.c:276:5:dsi_dcs_wr_index	0	static
de_dsi.c:282:5:dsi_dcs_wr_data	0	static
de_dsi.c:642:5:dsi_io_open	24	static
de_dsi.c:687:5:dsi_io_close	16	static
de_dsi.c:728:5:dsi_clk_enable	8	static
de_dsi.c:1025:5:dsi_exit	0	static
de_dsi.c:1030:4:dsi_ecc_pro	144	static
de_dsi.c:437:5:dsi_dcs_rd	32	static
de_dsi.c:426:5:dsi_set_max_ret_size	16	static
de_dsi.c:496:5:dsi_dcs_rd_memory	64	static
de_dsi.c:1062:5:dsi_crc_pro	16	static
de_dsi.c:381:5:dsi_gen_wr	32	static
de_dsi.c:220:5:dsi_dcs_wr	40	static
de_dsi.c:343:5:dsi_dcs_wr_memory	272	static
de_dsi.c:331:5:dsi_dcs_wr_5para	16	static
de_dsi.c:320:5:dsi_dcs_wr_4para	16	static
de_dsi.c:311:5:dsi_dcs_wr_3para	16	static
de_dsi.c:302:5:dsi_dcs_wr_2para	16	static
de_dsi.c:295:5:dsi_dcs_wr_1para	16	static
de_dsi.c:288:5:dsi_dcs_wr_0para	16	static
de_dsi.c:1088:5:dsi_crc_pro_pd_repeat	16	static
de_dsi.c:1015:5:dsi_cfg	56	static
