de_lcd.c:323:12:tcon0_cfg_mode_auto	12	static
de_lcd.c:363:12:tcon0_cfg_mode_tri	24	static
de_lcd.c:964:12:tcon_ceu_range_cut	0	static
de_lcd.c:988:12:tcon_ceu_rect_multi	40	static
de_lcd.c:1073:12:1	584	static
de_lcd.c:12:5:hmdi_src_sel	0	static
de_lcd.c:18:5:dsi_src_sel	0	static
de_lcd.c:24:5:lvds_open	32	static
de_lcd.c:79:5:lvds_close	16	static
de_lcd.c:95:5:tcon_get_cur_field	0	static
de_lcd.c:110:5:tcon_get_timing	48	static
de_lcd.c:167:5:tcon_set_reg_base	0	static
de_lcd.c:173:11:tcon_get_reg_base	0	static
de_lcd.c:178:5:tcon_init	0	static
de_lcd.c:191:5:tcon_exit	0	static
de_lcd.c:198:5:tcon_irq_enable	0	static
de_lcd.c:204:5:tcon_irq_disable	0	static
de_lcd.c:210:5:tcon_irq_query	0	static
de_lcd.c:226:5:tcon_get_start_delay	0	static
de_lcd.c:240:5:tcon_get_cur_line	0	static
de_lcd.c:254:5:tcon_get_status	0	static
de_lcd.c:274:5:tcon0_src_select	0	static
de_lcd.c:280:5:tcon0_src_get	0	static
de_lcd.c:285:5:tcon0_open	8	static
de_lcd.c:310:5:tcon0_close	8	static
de_lcd.c:571:5:tcon0_tri_busy	0	static
de_lcd.c:577:5:tcon0_cpu_set_auto_mode	0	static
de_lcd.c:586:5:tcon0_tri_start	0	static
de_lcd.c:593:5:tcon0_frm	0	static
de_lcd.c:464:5:tcon0_cfg	24	static
de_lcd.c:627:5:tcon0_cpu_16b_to_24b	0	static
de_lcd.c:636:5:tcon0_cpu_24b_to_16b	0	static
de_lcd.c:646:5:tcon0_cpu_busy	0	static
de_lcd.c:655:5:tcon0_cpu_wr_24b_index	16	static
de_lcd.c:667:5:tcon0_cpu_wr_24b_data	16	static
de_lcd.c:679:5:tcon0_cpu_wr_24b	16	static
de_lcd.c:686:5:tcon0_cpu_rd_24b	0	static
de_lcd.c:691:5:tcon0_cpu_rd_24b_data	32	static
de_lcd.c:728:5:tcon0_cpu_wr_16b	16	static
de_lcd.c:734:5:tcon0_cpu_wr_16b_index	8	static
de_lcd.c:740:5:tcon0_cpu_wr_16b_data	8	static
de_lcd.c:746:5:tcon0_cpu_rd_16b	0	static
de_lcd.c:753:5:tcon0_set_dclk_div	0	static
de_lcd.c:760:5:tcon0_get_dclk_div	0	static
de_lcd.c:765:5:tcon1_open	8	static
de_lcd.c:772:5:tcon1_close	8	static
de_lcd.c:809:5:tcon1_cfg	32	static
de_lcd.c:838:5:tcon1_cfg_ex	96	static
de_lcd.c:860:5:tcon1_hdmi_color_remap	0	static
de_lcd.c:892:5:tcon1_yuv_range	0	static
de_lcd.c:925:5:tcon1_set_timming	8	static
de_lcd.c:940:5:tcon1_set_tv_mode	0	static
de_lcd.c:945:5:tcon1_src_select	0	static
de_lcd.c:958:5:tcon1_src_get	0	static
de_lcd.c:1189:5:tcon_ceu	80	static
de_lcd.c:1276:5:tcon_gamma	12	static
de_lcd.c:1295:5:tcon_cmap	0	static
de_lcd.c:563:5:tcon0_cfg_ext	16	static
