de_rtmx.c:37:5:de_rtmx_update_regs	40	static
de_rtmx.c:319:5:de_rtmx_set_gld_reg_base	0	static
de_rtmx.c:336:5:de_rtmx_set_bld_reg_base	0	static
de_rtmx.c:354:5:de_rtmx_set_overlay_reg_base	16	static
de_rtmx.c:170:5:de_rtmx_init	48	static
de_rtmx.c:369:5:de_rtmx_set_display_size	0	static
de_rtmx.c:379:5:de_rtmx_set_dbuff_rdy	0	static
de_rtmx.c:388:5:de_rtmx_set_enable	24	static
de_rtmx.c:403:5:de_rtmx_query_irq	0	static
de_rtmx.c:417:5:de_rtmx_enable_irq	0	static
de_rtmx.c:441:5:de_rtmx_set_lay_cfg	32	static
de_rtmx.c:510:5:de_rtmx_set_lay_haddr	32	static
de_rtmx.c:653:5:de_rtmx_get_3d_in_single_size	0	static
de_rtmx.c:691:5:de_rtmx_get_3d_in	48	static
de_rtmx.c:881:5:de_rtmx_get_li_addr_offset	0	static
de_rtmx.c:579:5:de_rtmx_set_lay_laddr	72	static
de_rtmx.c:890:5:de_rtmx_get_3d_out	32	static
de_rtmx.c:941:5:de_rtmx_set_lay_fcolor	24	static
de_rtmx.c:978:5:de_rtmx_set_overlay_size	24	static
de_rtmx.c:1216:5:de_rtmx_set_coarse_fac	80	static
de_rtmx.c:1243:5:de_rtmx_set_pf_en	0	static
de_rtmx.c:1262:5:de_rtmx_set_pipe_cfg	12	static
de_rtmx.c:1275:5:de_rtmx_set_route	8	static
de_rtmx.c:1289:5:de_rtmx_set_premul	8	static
de_rtmx.c:1301:5:de_rtmx_set_background_color	0	static
de_rtmx.c:1311:5:de_rtmx_set_blend_size	0	static
de_rtmx.c:1321:5:de_rtmx_set_blend_mode	0	static
de_rtmx.c:1346:5:de_rtmx_set_blend_color	0	static
de_rtmx.c:1356:5:de_rtmx_set_outitl	0	static
de_rtmx.c:1367:5:de_rtmx_set_colorkey	12	static
de_rtmx.c:1387:9:de_rtmx_extend_rect	24	static
de_rtmx.c:1408:5:de_rtmx_calc_chnrect	104	static
de_rtmx.c:1472:5:de_rtmx_trimcoord	24	static
de_rtmx.c:1554:5:de_rtmx_get_premul_ctl	16	static
de_rtmx.c:1585:5:de_rtmx_mux	0	static
de_rtmx.c:1601:5:de_rtmx_get_mux	0	static
de_rtmx.c:1610:5:de_rtmx_sync_hw	40	static
de_rtmx.c:1657:5:de_rtmx_get_lay_enabled	16	static
de_rtmx.c:1674:5:de_rtmx_get_lay_address	24	static
de_rtmx.c:1705:5:de_rtmx_get_lay_size	24	static
de_rtmx.c:1745:5:de_rtmx_get_lay_win	24	static
de_rtmx.c:1764:5:de_rtmx_get_display_size	0	static
de_rtmx.c:1772:5:de_rtmx_get_lay_format	16	static
