disp_al.c:21:5:disp_al_layer_apply	0	static
disp_al.c:26:5:disp_al_manager_init	0	static
disp_al.c:31:5:disp_al_manager_exit	0	static
disp_al.c:36:5:disp_al_manager_apply	16	static
disp_al.c:56:5:disp_al_manager_sync	0	static
disp_al.c:61:5:disp_al_manager_update_regs	0	static
disp_al.c:66:5:disp_al_manager_query_irq	0	static
disp_al.c:71:5:disp_al_manager_enable_irq	0	static
disp_al.c:76:5:disp_al_manager_disable_irq	0	static
disp_al.c:81:5:disp_al_enhance_apply	72	static
disp_al.c:93:5:disp_al_enhance_update_regs	0	static
disp_al.c:98:5:disp_al_enhance_sync	0	static
disp_al.c:103:5:disp_al_enhance_tasklet	0	static
disp_al.c:108:5:disp_al_capture_init	0	static
disp_al.c:113:5:disp_al_capture_exit	0	static
disp_al.c:118:5:disp_al_capture_sync	8	static
disp_al.c:125:5:disp_al_capture_apply	0	static
disp_al.c:130:5:disp_al_capture_get_status	0	static
disp_al.c:135:5:disp_al_smbl_apply	0	static
disp_al.c:140:5:disp_al_smbl_update_regs	0	static
disp_al.c:145:5:disp_al_smbl_sync	0	static
disp_al.c:150:5:disp_al_smbl_tasklet	0	static
disp_al.c:155:5:disp_al_smbl_get_status	0	static
disp_al.c:169:5:disp_al_lcd_get_clk_info	32	static
disp_al.c:227:5:disp_al_lcd_cfg	48	static
disp_al.c:260:5:disp_al_lcd_cfg_ext	8	static
disp_al.c:267:5:disp_al_lcd_enable	16	static
disp_al.c:281:5:disp_al_lcd_disable	8	static
disp_al.c:300:5:disp_al_lcd_query_irq	0	static
disp_al.c:317:5:disp_al_lcd_enable_irq	0	static
disp_al.c:334:5:disp_al_lcd_disable_irq	0	static
disp_al.c:351:5:disp_al_lcd_tri_busy	16	static
disp_al.c:365:5:disp_al_lcd_tri_start	8	static
disp_al.c:374:5:disp_al_lcd_io_cfg	16	static
disp_al.c:393:5:disp_al_lcd_get_cur_line	0	static
disp_al.c:403:5:disp_al_lcd_get_start_delay	0	static
disp_al.c:414:5:disp_al_hdmi_enable	8	static
disp_al.c:420:5:disp_al_hdmi_disable	16	static
disp_al.c:430:5:disp_al_hdmi_cfg	24	static
disp_al.c:451:5:disp_al_tv_enable	8	static
disp_al.c:457:5:disp_al_tv_disable	16	static
disp_al.c:467:5:disp_al_tv_cfg	24	static
disp_al.c:484:5:disp_al_vdevice_cfg	328	static
disp_al.c:537:5:disp_al_vdevice_enable	304	static
disp_al.c:548:5:disp_al_vdevice_disable	16	static
disp_al.c:559:5:disp_al_device_get_cur_line	0	static
disp_al.c:566:5:disp_al_device_get_start_delay	0	static
disp_al.c:574:5:disp_al_device_query_irq	0	static
disp_al.c:586:5:disp_al_device_enable_irq	0	static
disp_al.c:598:5:disp_al_device_disable_irq	0	static
disp_al.c:610:5:disp_al_device_get_status	0	static
disp_al.c:619:5:disp_init_al	128	static
disp_al.c:691:5:disp_al_get_fb_info	8	static
disp_al.c:697:5:disp_al_get_display_size	0	static
