board.c:57:6:s_init	0	static
board.c:62:6:reset_cpu	0	static
board.c:69:6:enable_caches	8	static
board.c:75:6:disable_caches	8	static
board.c:81:5:display_inner	8	static
board.c:133:5:script_init	8	static
board.c:159:7:sunxi_set_fel_flag	0	static
board.c:199:6:sunxi_clear_fel_flag	0	static
board.c:219:6:sunxi_set_rtc_flag	0	static
board.c:226:6:sunxi_board_close_source	8	static
board.c:241:13:sunxi_pmu_reset	0	static
board.c:246:5:sunxi_board_restart	8	static
board.c:272:5:sunxi_board_shutdown	8	static
board.c:299:5:sunxi_board_prepare_kernel	8	static
board.c:313:6:sunxi_flush_allcaches	8	static
board.c:323:5:sunxi_board_run_fel	8	static
board.c:341:5:sunxi_board_run_fel_eraly	8	static
board.c:354:5:sunxi_probe_secure_monitor	0	static
board.c:359:5:sunxi_probe_secure_os	0	static
board.c:364:5:sunxi_get_securemode	0	static
board.c:370:13:cpu_spin_lock	0	static
board.c:373:21:cpu_spin_trylock	0	static
board.c:377:13:cpu_spin_unlock	0	static
