mmc.c:671:13:mmc_set_ios	8	static
mmc.c:2753:13:_mmc_life_time_est	0	static
mmc.c:2783:12:mmc_mmc_parse_health_report	16	static
mmc.c:50:12:board_mmc_getwp	0	static
mmc.c:55:5:mmc_getwp	8	static
mmc.c:71:5:__board_mmc_getcd	0	static
mmc.c:78:5:mmc_send_cmd	8	static
mmc.c:344:12:mmc_go_idle	40	static
mmc.c:2163:12:mmc_send_if_cond	48	static
mmc.c:368:12:sd_send_op_cond	64	static
mmc.c:444:12:mmc_send_op_cond_iter	16	static
mmc.c:1273:12:6	56	static
mmc.c:137:5:mmc_send_status	48	static
mmc.c:196:5:mmc_set_blocklen	40	static
mmc.c:219:5:mmc_send_manual_stop	48	static
mmc.c:235:13:find_mmc_device	8	static
mmc.c:302:7:mmc_bread	80	static
mmc.c:471:5:mmc_send_op_cond	48	static
mmc.c:504:5:mmc_complete_op_cond	48	static
mmc.c:554:5:mmc_send_ext_csd	56	static
mmc.c:579:5:mmc_decode_ext_csd	16	static
mmc.c:664:5:mmc_update_phase	8	static
mmc.c:677:5:mmc_do_switch	48	static
mmc.c:750:5:7	16	static
mmc.c:1234:12:mmc_en_emmc_hw_rst	592	static
mmc.c:750:5:mmc_switch	16	static
mmc.c:756:5:mmc_mmc_switch_to_ds	592	static
mmc.c:797:5:mmc_mmc_switch_to_hs	592	static
mmc.c:838:5:mmc_mmc_switch_to_hs200	592	static
mmc.c:879:5:mmc_mmc_switch_to_hs400	592	static
mmc.c:920:5:mmc_mmc_switch_speed_mode	8	static
mmc.c:980:5:mmc_mmc_switch_bus_width	24	static
mmc.c:1035:5:mmc_mmc_switch_bus_mode	24	static
mmc.c:1218:5:mmc_getcd	8	static
mmc.c:1463:6:mmc_set_clock	0	static
mmc.c:1591:12:mmc_startup	1456	static
mmc.c:1482:5:mmc_switch_boot_bus_cond	600	static
mmc.c:1519:5:mmc_switch_boot_part	600	static
mmc.c:1553:5:mmc_switch_part	528	static
mmc.c:1193:5:mmc_select_hwpart	16	static
mmc.c:2192:18:mmc_register	8	static
mmc.c:2200:13:mmc_create	16	static
mmc.c:2243:6:mmc_destroy	0	static
mmc.c:2260:5:mmc_start_init	24	static
mmc.c:2421:6:mmc_update_config_for_dragonboard	160	static
mmc.c:2500:6:mmc_update_config_for_sdly	200	static
mmc.c:2852:5:mmc_init_boot	16	static
mmc.c:2972:5:mmc_init_product	24	static
mmc.c:3097:5:mmc_init	16	static
mmc.c:2250:19:mmc_get_dev	8	static
mmc.c:3140:5:mmc_set_dsr	0	static
mmc.c:3150:12:__def_mmc_init	0	static
mmc.c:3160:6:print_mmc_devices	16	static
mmc.c:3181:5:get_mmc_num	0	static
mmc.c:3186:6:mmc_set_preinit	0	static
mmc.c:3204:5:mmc_initialize	16	static
mmc.c:3220:5:mmc_exit	16	static
