sunxi_mmc_interface.c:1345:1:check_secure_area	0	static
sunxi_mmc_interface.c:1504:1:get_sdmmc_secure_storage_max_item	0	static
sunxi_mmc_interface.c:28:13:mmc_align_wp_grp	32	static
sunxi_mmc_interface.c:1477:1:mmc_mmc_sanitize_secure	0	static
sunxi_mmc_interface.c:1510:1:sdmmc_secure_storage_write	24	static
sunxi_mmc_interface.c:1544:1:sdmmc_secure_storage_read	40	static
sunxi_mmc_interface.c:916:14:mmc_do_burn_boot	32	static
sunxi_mmc_interface.c:1335:5:mmc_get_boot_cap	8	static
sunxi_mmc_interface.c:1143:5:mmc_enable_bootop	24	static
sunxi_mmc_interface.c:1275:15:mmc_read_bootp	40	static
sunxi_mmc_interface.c:1206:15:mmc_write_bootp	40	static
sunxi_mmc_interface.c:1493:1:mmc_mmc_secure_trim_secure	24	static
sunxi_mmc_interface.c:1482:1:mmc_mmc_secure_erase_secure	32	static
sunxi_mmc_interface.c:1466:1:mmc_mmc_discard_secure	24	static
sunxi_mmc_interface.c:1455:1:mmc_mmc_trim_secure	24	static
sunxi_mmc_interface.c:1444:1:mmc_mmc_erase_secure	32	static
sunxi_mmc_interface.c:1430:1:mmc_secure_wipe_secure	24	static
sunxi_mmc_interface.c:1379:1:mmc_bwrite_secure	32	static
sunxi_mmc_interface.c:1612:12:sdmmc_secure_storage_read_backup	8	static
sunxi_mmc_interface.c:1367:1:mmc_bread_secure	32	static
sunxi_mmc_interface.c:894:5:mmc_mmc_user_get_wp_grp_size	8	static
sunxi_mmc_interface.c:1403:1:mmc_bwrite_mass_pro_secure	40	static
sunxi_mmc_interface.c:1415:1:mmc_bread_mass_pro_secure	24	static
sunxi_mmc_interface.c:1391:1:mmc_berase_secure	24	static
sunxi_mmc_interface.c:149:12:mmc_send_wp_type	64	static
sunxi_mmc_interface.c:388:12:mmc_get_current_wp_info	112	static
sunxi_mmc_interface.c:63:12:mmc_set_wp	48	static
sunxi_mmc_interface.c:175:5:mmc_switch_user_wp	0	static
sunxi_mmc_interface.c:244:12:mmc_set_one_permanent_wp	528	static
sunxi_mmc_interface.c:305:12:mmc_set_one_temporary_wp	528	static
sunxi_mmc_interface.c:180:12:mmc_set_one_poweron_wp	528	static
sunxi_mmc_interface.c:457:5:mmc_user_write_protect	56	static
sunxi_mmc_interface.c:842:5:mmc_mmc_user_write_protect	32	static
sunxi_mmc_interface.c:586:5:mmc_user_clr_tem_write_protect	88	static
sunxi_mmc_interface.c:681:5:mmc_clr_tem_wp	24	static
sunxi_mmc_interface.c:724:5:mmc_user_scan_wp_sta	136	static
sunxi_mmc_interface.c:1649:5:mmc_init_blk_ops	0	static
