S090WV20_MIPI_RGB.c:260:12:LCD_user_defined_func	0	static
S090WV20_MIPI_RGB.c:92:12:LCD_close_flow	8	static
S090WV20_MIPI_RGB.c:158:13:LCD_power_off	8	static
S090WV20_MIPI_RGB.c:252:13:LCD_panel_exit	0	static
S090WV20_MIPI_RGB.c:182:13:LCD_bl_close	8	static
S090WV20_MIPI_RGB.c:78:12:LCD_open_flow	8	static
S090WV20_MIPI_RGB.c:174:13:LCD_bl_open	8	static
S090WV20_MIPI_RGB.c:189:13:LCD_panel_init	8	static
S090WV20_MIPI_RGB.c:106:13:LCD_power_on	8	static
S090WV20_MIPI_RGB.c:21:13:LCD_cfg_panel_info	168	static
