S101WV20_MIPI_RGB.c:644:12:LCD_user_defined_func	0	static
S101WV20_MIPI_RGB.c:99:12:LCD_close_flow	8	static
S101WV20_MIPI_RGB.c:164:13:LCD_power_off	8	static
S101WV20_MIPI_RGB.c:636:13:LCD_panel_exit	0	static
S101WV20_MIPI_RGB.c:188:13:LCD_bl_close	8	static
S101WV20_MIPI_RGB.c:85:12:LCD_open_flow	8	static
S101WV20_MIPI_RGB.c:180:13:LCD_bl_open	8	static
S101WV20_MIPI_RGB.c:195:13:LCD_panel_init	24	static
S101WV20_MIPI_RGB.c:113:13:LCD_power_on	16	static
S101WV20_MIPI_RGB.c:28:13:LCD_cfg_panel_info	168	static
