fdt_ro.c:67:12:_nextprop	24	static
fdt_ro.c:37:13:fdt_string	0	static
fdt_ro.c:50:5:fdt_get_mem_rsv	24	static
fdt_ro.c:58:5:fdt_num_mem_rsv	16	static
fdt_ro.c:91:5:fdt_subnode_offset_namelen	40	static
fdt_ro.c:110:5:fdt_subnode_offset	16	static
fdt_ro.c:173:13:fdt_get_name	24	static
fdt_ro.c:193:5:fdt_first_property_offset	8	static
fdt_ro.c:203:5:fdt_next_property_offset	8	static
fdt_ro.c:211:28:fdt_get_property_by_offset	16	static
fdt_ro.c:232:28:fdt_get_property_namelen	40	static
fdt_ro.c:256:28:fdt_get_property	32	static
fdt_ro.c:264:13:fdt_getprop_namelen	16	static
fdt_ro.c:276:13:fdt_getprop_by_offset	16	static
fdt_ro.c:289:13:fdt_getprop	32	static
fdt_ro.c:295:10:fdt_get_phandle	24	static
fdt_ro.c:312:13:fdt_get_alias_namelen	24	static
fdt_ro.c:119:5:fdt_path_offset	32	static
fdt_ro.c:324:13:fdt_get_alias	16	static
fdt_ro.c:329:5:fdt_get_path	48	static
fdt_ro.c:381:5:fdt_supernode_atdepth_offset	40	static
fdt_ro.c:417:5:fdt_node_depth	16	static
fdt_ro.c:428:5:fdt_parent_offset	16	static
fdt_ro.c:438:5:fdt_node_offset_by_prop_value	40	static
fdt_ro.c:465:5:fdt_node_offset_by_phandle	16	static
fdt_ro.c:497:5:fdt_stringlist_contains	24	static
fdt_ro.c:514:5:fdt_node_check_compatible	16	static
fdt_ro.c:529:5:fdt_node_offset_by_compatible	24	static
