sunxi_smc_v2.c:238:13:smc_readl_normal	0	static
sunxi_smc_v2.c:242:13:smc_writel_normal	0	static
sunxi_smc_v2.c:126:5:arm_svc_write_sec_reg	8	static
sunxi_smc_v2.c:121:5:arm_svc_read_sec_reg	0	static
sunxi_smc_v2.c:56:5:sunxi_smc_call_optee	64	static
sunxi_smc_v2.c:67:5:sunxi_smc_call_atf	0	static
sunxi_smc_v2.c:73:5:sunxi_smc_call	0	static
sunxi_smc_v2.c:83:5:arm_svc_set_cpu_on	0	static
sunxi_smc_v2.c:88:5:arm_svc_set_cpu_off	0	static
sunxi_smc_v2.c:93:5:arm_svc_version	16	static
sunxi_smc_v2.c:106:5:arm_svc_call_count	0	static
sunxi_smc_v2.c:111:5:arm_svc_uuid	0	static
sunxi_smc_v2.c:116:5:arm_svc_run_os	8	static
sunxi_smc_v2.c:132:5:arm_svc_arisc_startup	0	static
sunxi_smc_v2.c:137:5:arm_svc_arisc_wait_ready	0	static
sunxi_smc_v2.c:142:5:arm_svc_arisc_fake_poweroff	0	static
sunxi_smc_v2.c:147:5:arm_svc_arisc_read_pmu	0	static
sunxi_smc_v2.c:152:5:arm_svc_arisc_write_pmu	0	static
sunxi_smc_v2.c:157:5:arm_svc_efuse_read	0	static
sunxi_smc_v2.c:193:5:arm_svc_efuse_write	0	static
sunxi_smc_v2.c:231:5:arm_svc_probe_secure_mode	0	static
sunxi_smc_v2.c:251:5:smc_readl	8	static
sunxi_smc_v2.c:256:6:smc_writel	8	static
sunxi_smc_v2.c:261:5:smc_efuse_readl	8	static
sunxi_smc_v2.c:267:5:smc_efuse_writel	8	static
sunxi_smc_v2.c:274:5:smc_init	8	static
sunxi_smc_v2.c:298:5:smc_tee_ssk_encrypt	80	static
sunxi_smc_v2.c:334:5:smc_tee_ssk_decrypt	72	static
sunxi_smc_v2.c:367:5:smc_tee_rssk_encrypt	80	static
sunxi_smc_v2.c:404:5:smc_aes_rssk_decrypt_to_keysram	56	static
sunxi_smc_v2.c:432:5:smc_aes_algorithm	80	static
sunxi_smc_v2.c:479:5:smc_tee_keybox_store	64	static
sunxi_smc_v2.c:514:5:smc_tee_probe_drm_configure	56	static
