axp.c:53:5:axp_probe	8	static
axp.c:71:5:axp_reinit	8	static
axp.c:93:5:axp_get_power_vol_level	0	static
axp.c:98:5:axp_probe_startup_cause	8	static
axp.c:143:5:axp_set_hardware_poweron_vol	16	static
axp.c:155:5:axp_set_hardware_poweroff_vol	16	static
axp.c:167:6:axp_set_power_off	8	static
axp.c:103:5:axp_probe_factory_mode	8	static
axp.c:172:5:axp_set_next_poweron_status	8	static
axp.c:177:5:axp_probe_pre_sys_mode	8	static
axp.c:182:6:axp_power_get_dcin_battery_exist	16	static
axp.c:190:6:axp_probe_battery_exist	8	static
axp.c:196:5:axp_probe_power_source	8	static
axp.c:203:6:axp_probe_battery_vol	8	static
axp.c:208:6:axp_probe_rest_battery_capacity	8	static
axp.c:213:6:axp_probe_key	8	static
axp.c:218:6:axp_probe_charge_current	8	static
axp.c:223:6:axp_set_charge_current	8	static
axp.c:228:6:axp_set_charge_control	8	static
axp.c:233:5:axp_set_vbus_limit_dc	8	static
axp.c:244:5:axp_set_vbus_limit_pc	8	static
axp.c:255:5:axp_set_all_limit	8	static
axp.c:263:5:axp_set_suspend_chgcur	8	static
axp.c:268:5:axp_set_runtime_chgcur	8	static
axp.c:273:5:axp_set_charge_vol_limit	16	static
axp.c:297:5:axp_set_power_supply_output	80	static
axp.c:341:5:axp_slave_set_power_supply_output	64	static
axp.c:410:5:axp_probe_power_supply_condition	24	static
axp.c:457:5:axp_int_enable	0	static
axp.c:462:5:axp_int_disable	0	static
axp.c:468:5:axp_int_query	0	static
axp.c:476:5:axp_set_supply_status	8	static
axp.c:481:5:axp_set_supply_status_byname	16	static
axp.c:499:5:axp_probe_supply_status	8	static
axp.c:504:5:axp_probe_supply_status_byname	16	static
axp.c:550:5:axp_set_supply_status_byregulator	440	static
axp.c:634:5:axp_probe_supply_pmu_name	8	static
axp.c:655:5:axp_probe_vbus_cur_limit	8	static
axp.c:660:5:axp_set_coulombmeter_onoff	8	static
axp.c:666:12:axp_probe_vbus_type	0	static
