axp81X.c:378:5:axp81_set_next_sys_mode	16	static
axp81X.c:854:5:axp81_set_int_enable	24	static
axp81X.c:88:5:axp81_set_coulombmeter_onoff	16	static
axp81X.c:124:5:axp81_set_charge_control	16	static
axp81X.c:166:5:axp81_probe_battery_ratio	16	static
axp81X.c:193:5:axp81_probe_power_status	16	static
axp81X.c:281:5:axp81_probe_battery_vol	16	static
axp81X.c:316:5:axp81_probe_key	16	static
axp81X.c:351:5:axp81_probe_pre_sys_mode	16	static
axp81X.c:403:5:axp81_probe_this_poweron_cause	16	static
axp81X.c:430:5:axp81_set_power_off	16	static
axp81X.c:462:5:axp81_set_power_onoff_vol	24	static
axp81X.c:565:5:axp81_probe_charge_current	16	static
axp81X.c:784:5:axp81_probe_int_pending	24	static
axp81X.c:822:5:axp81_probe_int_enable	16	static
axp81X.c:662:5:axp81_probe_vbus_cur_limit	16	static
axp81X.c:228:5:axp81_probe_battery_exist	32	static
axp81X.c:517:5:axp81_set_charge_current	24	static
axp81X.c:595:5:axp81_set_vbus_cur_limit	16	static
axp81X.c:735:5:axp81_set_vbus_vol_limit	24	static
axp81X.c:49:5:axp81_probe	16	static
axp81X.c:871:5:axp81_set_power_reset	16	static
axp81X.c:889:6:sunxi_pmu_reset	8	static
axp81X.c:899:5:axp_probe_vbus_type	24	static
