sunxi_dma.c:115:13:sunxi_dma_int_func	24	static
sunxi_dma.c:164:6:sunxi_dma_init	32	static
sunxi_dma.c:266:7:sunxi_dma_request	0	static
sunxi_dma.c:335:5:sunxi_dma_setting	0	static
sunxi_dma.c:381:5:sunxi_dma_start	0	static
sunxi_dma.c:420:5:sunxi_dma_stop	0	static
sunxi_dma.c:449:5:sunxi_dma_querystatus	0	static
sunxi_dma.c:479:5:sunxi_dma_install_int	8	static
sunxi_dma.c:530:5:sunxi_dma_enable_int	8	static
sunxi_dma.c:585:5:sunxi_dma_disable_int	8	static
sunxi_dma.c:644:5:sunxi_dma_free_int	0	static
sunxi_dma.c:298:5:sunxi_dma_release	8	static
sunxi_dma.c:215:6:sunxi_dma_exit	32	static
