disp_display.c:553:6:disp_tasklet	8	static
disp_display.c:391:5:bsp_disp_shadow_protect	24	static
disp_display.c:43:5:bsp_disp_exit	0	static
disp_display.c:60:5:bsp_disp_open	0	static
disp_display.c:65:5:bsp_disp_close	0	static
disp_display.c:70:5:disp_device_attached	32	static
disp_display.c:105:5:disp_device_attached_and_enable	40	static
disp_display.c:191:5:disp_device_detach	24	static
disp_display.c:218:5:bsp_disp_device_switch	72	static
disp_display.c:248:5:bsp_disp_device_set_config	24	static
disp_display.c:269:5:disp_init_connections	32	static
disp_display.c:5:5:bsp_disp_init	32	static
disp_display.c:338:5:bsp_disp_sync_with_hw	32	static
disp_display.c:440:5:bsp_disp_vsync_event_enable	0	static
disp_display.c:507:6:sync_event_proc	16	static
disp_display.c:541:5:bsp_disp_get_output_type	8	static
disp_display.c:674:5:bsp_disp_set_print_level	0	static
disp_display.c:681:5:bsp_disp_get_print_level	0	static
disp_display.c:686:5:bsp_disp_get_screen_physical_width	16	static
disp_display.c:699:5:bsp_disp_get_screen_physical_height	16	static
disp_display.c:712:5:bsp_disp_get_screen_width	0	static
disp_display.c:719:5:bsp_disp_get_screen_height	0	static
disp_display.c:728:5:bsp_disp_get_screen_width_from_output_type	16	static
disp_display.c:840:5:bsp_disp_get_screen_height_from_output_type	16	static
disp_display.c:951:5:bsp_disp_set_hdmi_func	24	static
disp_display.c:980:5:bsp_disp_set_edp_func	24	static
disp_display.c:1011:5:bsp_disp_hdmi_check_support_mode	16	static
disp_display.c:1029:5:bsp_disp_hdmi_get_hpd_status	16	static
disp_display.c:1047:5:bsp_disp_tv_get_hpd_status	16	static
disp_display.c:1065:5:bsp_disp_hdmi_set_detect	16	static
disp_display.c:1084:5:bsp_disp_tv_set_hpd	0	static
disp_display.c:1114:5:bsp_disp_tv_register	0	static
disp_display.c:1154:17:bsp_disp_lcd_get_open_flow	8	static
disp_display.c:1166:17:bsp_disp_lcd_get_close_flow	8	static
disp_display.c:1178:5:bsp_disp_lcd_set_panel_funs	32	static
disp_display.c:1200:6:LCD_OPEN_FUNC	16	static
disp_display.c:1211:6:LCD_CLOSE_FUNC	16	static
disp_display.c:1222:5:bsp_disp_get_lcd_registered	0	static
disp_display.c:1227:5:bsp_disp_get_hdmi_registered	0	static
disp_display.c:1232:5:bsp_disp_get_tv_registered	0	static
disp_display.c:1237:5:bsp_disp_lcd_backlight_enable	8	static
disp_display.c:1253:5:bsp_disp_lcd_backlight_disable	8	static
disp_display.c:1269:5:bsp_disp_lcd_pwm_enable	8	static
disp_display.c:1285:5:bsp_disp_lcd_pwm_disable	8	static
disp_display.c:1301:5:bsp_disp_lcd_power_enable	8	static
disp_display.c:1317:5:bsp_disp_lcd_power_disable	8	static
disp_display.c:1333:5:bsp_disp_lcd_set_bright	8	static
disp_display.c:1349:5:bsp_disp_lcd_get_bright	8	static
disp_display.c:1361:5:bsp_disp_lcd_tcon_enable	16	static
disp_display.c:1407:5:bsp_disp_lcd_tcon_disable	16	static
disp_display.c:1448:5:bsp_disp_lcd_pin_cfg	8	static
disp_display.c:1460:5:bsp_disp_lcd_gpio_set_value	16	static
disp_display.c:1472:5:bsp_disp_lcd_gpio_set_direction	16	static
disp_display.c:1484:5:bsp_disp_get_panel_info	16	static
disp_display.c:1497:5:bsp_disp_get_fb_info	0	static
disp_display.c:1502:5:bsp_disp_get_display_size	0	static
disp_display.c:1515:5:bsp_disp_lcd_dsi_mode_switch	24	static
disp_display.c:1543:5:bsp_disp_lcd_dsi_clk_enable	24	static
disp_display.c:1570:5:bsp_disp_lcd_dsi_dcs_wr	32	static
disp_display.c:1599:5:bsp_disp_lcd_dsi_gen_wr	32	static
disp_display.c:1627:5:bsp_disp_lcd_dsi_gen_short_read	8	static
disp_display.c:1641:5:bsp_disp_lcd_dsi_dcs_read	8	static
disp_display.c:1654:5:bsp_disp_lcd_set_max_ret_size	0	static
