disp_vdevice.c:25:42:disp_vdevice_get_priv	8	static
disp_vdevice.c:134:12:vdevice_calc_judge_line	32	static
disp_vdevice.c:564:12:disp_vdevice_tcon_simple_enable	24	static
disp_vdevice.c:530:12:disp_vdevice_tcon_disable	16	static
disp_vdevice.c:179:12:disp_vdevice_event_proc	24	static
disp_vdevice.c:480:12:disp_vdevice_tcon_enable	72	static
disp_vdevice.c:261:12:disp_vdevice_sw_enable	32	static
disp_vdevice.c:620:12:disp_vdevice_get_fps	8	static
disp_vdevice.c:382:12:disp_vdevice_detect	8	static
disp_vdevice.c:422:12:disp_vdevice_get_input_color_range	8	static
disp_vdevice.c:408:12:disp_vdevice_get_input_csc	8	static
disp_vdevice.c:394:12:disp_vdevice_check_support_mode	16	static
disp_vdevice.c:633:13:disp_vdevice_check_config_dirty	16	static
disp_vdevice.c:660:12:disp_vdevice_get_static_config	16	static
disp_vdevice.c:371:12:disp_vdevice_get_mode	8	static
disp_vdevice.c:349:12:disp_vdevice_set_mode	16	static
disp_vdevice.c:654:12:disp_vdevice_set_static_config	0	static
disp_vdevice.c:337:12:disp_vdevice_is_enabled	8	static
disp_vdevice.c:600:12:disp_vdevice_tcon_simple_disable	16	static
disp_vdevice.c:459:12:disp_vdevice_resume	16	static
disp_vdevice.c:438:12:disp_vdevice_suspend	16	static
disp_vdevice.c:313:12:disp_vdevice_disable	16	static
disp_vdevice.c:238:12:disp_vdevice_enable	16	static
disp_vdevice.c:225:12:disp_vdevice_exit	16	static
disp_vdevice.c:213:12:disp_vdevice_init	16	static
disp_vdevice.c:682:21:disp_vdevice_register	16	static
disp_vdevice.c:756:5:disp_vdevice_unregister	16	static
disp_vdevice.c:783:5:disp_vdevice_get_source_ops	8	static
