disp_manager.c:101:40:disp_lyr_get_priv	8	static
disp_manager.c:563:12:disp_lyr_dump	272	static
disp_manager.c:481:12:disp_lyr_dirty_clear	8	static
disp_manager.c:465:12:disp_lyr_is_dirty	8	static
disp_manager.c:374:12:disp_lyr_check2	8	static
disp_manager.c:362:12:disp_lyr_check	8	static
disp_manager.c:533:12:disp_lyr_apply	8	static
disp_manager.c:545:12:disp_lyr_force_apply	16	static
disp_manager.c:344:12:disp_lyr_unset_manager	8	static
disp_manager.c:326:12:disp_lyr_set_manager	16	static
disp_manager.c:691:42:disp_mgr_get_priv	8	static
disp_manager.c:1211:12:disp_mgr_tasklet	16	static
disp_manager.c:966:12:disp_mgr_update_color_space	16	static
disp_manager.c:1161:12:disp_mgr_sync	32	static
disp_manager.c:712:12:disp_mgr_shadow_protect	16	static
disp_manager.c:1282:12:disp_mgr_apply	120	static
disp_manager.c:1335:12:disp_mgr_force_apply	24	static
disp_manager.c:1444:12:disp_mgr_sw_enable	32	static
disp_manager.c:1495:12:disp_mgr_disable	16	static
disp_manager.c:1372:12:disp_mgr_enable	80	static
disp_manager.c:819:12:disp_mgr_get_clk_rate	8	static
disp_manager.c:1539:12:disp_mgr_dump	8	static
disp_manager.c:954:12:disp_mgr_get_output_color_range	8	static
disp_manager.c:933:12:disp_mgr_set_output_color_range	16	static
disp_manager.c:1526:12:disp_mgr_is_enabled	8	static
disp_manager.c:879:12:disp_mgr_get_back_color	16	static
disp_manager.c:859:12:disp_mgr_set_back_color	24	static
disp_manager.c:916:12:disp_mgr_get_color_key	16	static
disp_manager.c:896:12:disp_mgr_set_color_key	24	static
disp_manager.c:1249:12:disp_mgr_update_regs	24	static
disp_manager.c:844:12:disp_mgr_exit	16	static
disp_manager.c:831:12:disp_mgr_init	16	static
disp_manager.c:1551:12:disp_mgr_blank	24	static
disp_manager.c:38:20:disp_get_layer	40	static
disp_manager.c:1126:1:disp_mgr_get_layer_config2	24	static
disp_manager.c:1076:1:disp_mgr_set_layer_config2	24	static
disp_manager.c:1045:12:disp_mgr_get_layer_config	24	static
disp_manager.c:996:12:disp_mgr_set_layer_config	24	static
disp_manager.c:68:20:disp_get_layer_1	24	static
disp_manager.c:113:5:__disp_config_transfer2inner	16	static
disp_manager.c:387:12:disp_lyr_save_and_dirty_check	16	static
disp_manager.c:164:5:__disp_config2_transfer2inner	16	static
disp_manager.c:423:12:disp_lyr_save_and_dirty_check2	16	static
disp_manager.c:223:5:__disp_inner_transfer2config	16	static
disp_manager.c:514:12:disp_lyr_get_config	16	static
disp_manager.c:269:5:__disp_inner_transfer2config2	16	static
disp_manager.c:495:12:disp_lyr_get_config2	16	static
disp_manager.c:678:22:disp_get_layer_manager	8	static
disp_manager.c:1574:5:disp_init_mgr	56	static
