disp_hdmi.c:272:12:disp_hdmi_event_proc	16	static
disp_hdmi.c:47:41:disp_hdmi_get_priv	8	static
disp_hdmi.c:704:13:disp_hdmi_check_config_dirty	16	static
disp_hdmi.c:800:12:disp_hdmi_set_dynamic_config	16	static
disp_hdmi.c:558:12:disp_hdmi_set_detect	24	static
disp_hdmi.c:446:12:disp_hdmi_disable	24	static
disp_hdmi.c:211:12:hdmi_calc_judge_line	32	static
disp_hdmi.c:399:12:disp_hdmi_sw_enable	24	static
disp_hdmi.c:329:5:disp_hdmi_enable	48	static
disp_hdmi.c:692:12:disp_hdmi_get_fps	8	static
disp_hdmi.c:545:12:disp_hdmi_detect	8	static
disp_hdmi.c:608:12:disp_hdmi_get_input_csc	8	static
disp_hdmi.c:623:12:disp_hdmi_get_input_color_range	8	static
disp_hdmi.c:593:12:disp_hdmi_check_support_mode	16	static
disp_hdmi.c:533:12:disp_hdmi_get_mode	8	static
disp_hdmi.c:497:12:disp_hdmi_is_enabled	8	static
disp_hdmi.c:315:12:disp_hdmi_exit	16	static
disp_hdmi.c:510:5:disp_hdmi_set_mode	16	static
disp_hdmi.c:679:12:disp_hdmi_get_status	8	static
disp_hdmi.c:658:12:disp_hdmi_resume	16	static
disp_hdmi.c:637:12:disp_hdmi_suspend	16	static
disp_hdmi.c:763:12:disp_hdmi_get_static_config	16	static
disp_hdmi.c:742:12:disp_hdmi_set_static_config	16	static
disp_hdmi.c:252:12:disp_hdmi_set_func	16	static
disp_hdmi.c:302:12:disp_hdmi_init	16	static
disp_hdmi.c:34:21:disp_get_hdmi	8	static
disp_hdmi.c:818:5:disp_init_hdmi	40	static
