disp_lcd.c:2350:12:disp_lcd_set_static_config	0	static
disp_lcd.c:59:38:disp_lcd_get_priv	8	static
disp_lcd.c:69:12:disp_lcd_is_used	8	static
disp_lcd.c:1223:12:disp_lcd_bright_curve_init	848	static
disp_lcd.c:1990:24:disp_lcd_get_close_flow	16	static
disp_lcd.c:1961:24:disp_lcd_get_open_flow	16	static
disp_lcd.c:2260:12:disp_lcd_init	104	static
disp_lcd.c:942:12:lcd_clk_disable	16	static
disp_lcd.c:976:12:lcd_calc_judge_line	24	static
disp_lcd.c:1371:12:disp_lcd_event_proc	24	static
disp_lcd.c:879:12:lcd_clk_enable	96	static
disp_lcd.c:2019:12:disp_lcd_set_panel_funs	80	static
disp_lcd.c:1041:12:disp_lcd_pin_cfg	56	static
disp_lcd.c:1147:12:disp_lcd_backlight_disable	80	static
disp_lcd.c:1817:12:disp_lcd_sw_enable	104	static
disp_lcd.c:2249:12:disp_lcd_get_fps	8	static
disp_lcd.c:2155:12:disp_lcd_get_dimensions	16	static
disp_lcd.c:1943:12:disp_lcd_set_close_func	16	static
disp_lcd.c:1925:12:disp_lcd_set_open_func	16	static
disp_lcd.c:2332:13:disp_lcd_check_config_dirty	8	static
disp_lcd.c:2356:12:disp_lcd_get_static_config	16	static
disp_lcd.c:1913:5:disp_lcd_is_enabled	8	static
disp_lcd.c:1323:5:disp_lcd_get_bright	8	static
disp_lcd.c:1211:12:disp_lcd_bright_get_adjust_value	16	static
disp_lcd.c:1268:5:disp_lcd_set_bright	24	static
disp_lcd.c:1114:12:disp_lcd_backlight_enable	80	static
disp_lcd.c:2374:12:disp_lcd_exit	16	static
disp_lcd.c:1335:12:disp_lcd_set_bright_dimming	16	static
disp_lcd.c:2227:12:disp_lcd_disable_gamma	8	static
disp_lcd.c:2206:12:disp_lcd_enable_gamma	8	static
disp_lcd.c:2181:12:disp_lcd_set_gamma_tbl	24	static
disp_lcd.c:1353:12:disp_lcd_get_panel_info	16	static
disp_lcd.c:2169:12:disp_lcd_get_status	8	static
disp_lcd.c:1192:12:disp_lcd_power_disable	24	static
disp_lcd.c:1173:12:disp_lcd_power_enable	24	static
disp_lcd.c:1029:12:disp_lcd_tcon_disable	8	static
disp_lcd.c:1017:12:disp_lcd_tcon_enable	8	static
disp_lcd.c:1097:12:disp_lcd_pwm_disable	16	static
disp_lcd.c:1080:12:disp_lcd_pwm_enable	16	static
disp_lcd.c:2141:5:disp_lcd_gpio_set_value	48	static
disp_lcd.c:2113:5:disp_lcd_gpio_set_direction	48	static
disp_lcd.c:47:21:disp_get_lcd	8	static
disp_lcd.c:1723:13:disp_lcd_pre_disable_ex	16	static
disp_lcd.c:1539:13:disp_lcd_post_enable_ex	8	static
disp_lcd.c:2047:5:disp_lcd_gpio_init	96	static
disp_lcd.c:1528:13:disp_lcd_pre_enable_ex	32	static
disp_lcd.c:1550:12:__disp_lcd_enable	40	static
disp_lcd.c:1649:12:disp_lcd_fake_enable	0	static
disp_lcd.c:1643:12:disp_lcd_enable	0	static
disp_lcd.c:2078:5:disp_lcd_gpio_exit	96	static
disp_lcd.c:1734:13:disp_lcd_post_disable_ex	24	static
disp_lcd.c:1745:12:disp_lcd_disable	32	static
disp_lcd.c:2127:5:disp_lcd_gpio_get_value	40	static
disp_lcd.c:2388:5:disp_init_lcd	32	static
