board_common.c:37:28:sunxi_fastboot_status_read	0	static
board_common.c:41:27:mmc_request_update_boot0	0	static
board_common.c:45:29:mmc_update_config_for_sdly	0	static
board_common.c:49:29:mmc_update_config_for_dragonboard	0	static
board_common.c:53:37:find_mmc_device	0	static
board_common.c:58:6:sunxi_update_subsequent_processing	8	static
board_common.c:303:5:disable_node	16	static
board_common.c:324:6:dragonboard_handler	8	static
board_common.c:383:5:update_fdt_para_for_kernel	48	static
board_common.c:524:7:set_bootcmd_from_rtc	16	static
board_common.c:558:7:set_bootcmd_from_misc	4112	static
board_common.c:607:5:get_boot_work_mode	0	static
board_common.c:612:5:get_boot_storage_type_ext	0	static
board_common.c:618:5:get_boot_storage_type	0	static
board_common.c:256:5:update_bootcmd	160	static
board_common.c:124:6:sunxi_fastboot_init	1112	static
board_common.c:630:6:set_boot_storage_type	0	static
board_common.c:636:5:get_boot_dram_para_addr	0	static
board_common.c:641:5:get_boot_dram_para_size	0	static
board_common.c:646:5:get_boot_dram_update_flag	0	static
board_common.c:657:6:set_boot_dram_update_flag	0	static
board_common.c:668:5:get_pmu_byte_from_boot0	0	static
board_common.c:689:5:get_debugmode_flag	16	static
board_common.c:727:5:update_dram_para_for_ota	0	static
board_common.c:765:5:board_late_init	8	static
board_common.c:791:6:sunxi_generate_checksum	16	static
board_common.c:821:5:sunxi_verify_checksum	8	static
