de_v3.c:72:5:board_display_layer_request	0	static
de_v3.c:93:5:board_display_layer_release	0	static
de_v3.c:114:5:board_display_wait_lcd_open	32	static
de_v3.c:162:5:board_display_wait_lcd_close	32	static
de_v3.c:210:5:board_display_set_exit_mode	24	static
de_v3.c:249:5:board_display_layer_open	32	static
de_v3.c:286:5:board_display_layer_close	32	static
de_v3.c:320:5:board_display_layer_para_set	24	static
de_v3.c:348:5:board_display_show_until_lcd_open	8	static
de_v3.c:376:5:board_display_show	8	static
de_v3.c:400:5:board_display_framebuffer_set	72	static
de_v3.c:478:6:board_display_set_alpha_mode	0	static
de_v3.c:491:5:board_display_framebuffer_change	0	static
de_v3.c:496:5:board_display_device_open	96	static
de_v3.c:662:6:board_display_setenv	0	static
de_v3.c:670:5:borad_display_get_screen_width	24	static
de_v3.c:679:5:borad_display_get_screen_height	24	static
