sys_config.c:71:16:PIO_REG_CFG	0	static
sys_config.c:83:16:PIO_REG_PULL	0	static
sys_config.c:95:16:PIO_REG_DLEVEL	0	static
sys_config.c:107:16:PIO_REG_DATA	0	static
sys_config.c:119:5:PIO_REG_CFG_VALUE	0	static
sys_config.c:133:5:PIO_REG_DLEVEL_VALUE	0	static
sys_config.c:147:5:PIO_REG_PULL_VALUE	0	static
sys_config.c:161:5:PIO_REG_DATA_VALUE	0	static
sys_config.c:223:8:gpio_get_all_pin_status	64	static
sys_config.c:345:8:gpio_get_one_pin_status	32	static
sys_config.c:417:8:gpio_set_one_pin_status	40	static
sys_config.c:522:8:gpio_set_one_pin_io_status	24	static
sys_config.c:582:8:gpio_set_one_pin_pull	24	static
sys_config.c:641:8:gpio_set_one_pin_driver_level	24	static
sys_config.c:701:8:gpio_read_one_pin_value	24	static
sys_config.c:759:8:gpio_write_one_pin_value	24	static
sys_config.c:826:5:gpio_request_early	80	static
sys_config.c:1025:7:gpio_request	104	static
sys_config.c:1234:7:gpio_release	8	static
sys_config.c:1269:5:fdt_get_all_pin	2680	static
sys_config.c:1440:5:fdt_get_pin_num	88	static
sys_config.c:1496:5:fdt_set_all_pin	1808	static
sys_config.c:1534:5:fdt_set_all_pin_by_offset	1808	static
sys_config.c:1577:5:fdt_set_pin_byname	24	static
sys_config.c:1609:5:fdt_get_one_gpio_by_offset	56	static
sys_config.c:1650:5:fdt_get_one_gpio	64	static
sys_config.c:1698:5:fdt_set_one_gpio	64	static
sys_config.c:1709:5:fdt_set_normal_gpio	16	static
