sprite_download.c:47:28:nand_force_download_uboot	0	static
sprite_download.c:52:29:nand_download_uboot	0	static
sprite_download.c:57:29:nand_write_boot0	0	static
sprite_download.c:61:28:nand_uboot_get_flash_info	0	static
sprite_download.c:65:27:nand_download_boot0	0	static
sprite_download.c:69:27:spinor_download_uboot	0	static
sprite_download.c:73:27:spinor_download_boot0	0	static
sprite_download.c:77:27:card_download_standard_mbr	0	static
sprite_download.c:81:27:mmc_write_info	0	static
sprite_download.c:101:6:dump_dram_para	16	static
sprite_download.c:218:5:sunxi_sprite_download_uboot	24	static
sprite_download.c:307:5:sunxi_sprite_download_boot0	24	static
sprite_download.c:521:5:sunxi_download_boot0_atfter_ota	32	static
sprite_download.c:642:5:sunxi_mbr_convert_to_gpt	120	static
sprite_download.c:776:5:down_primary_gpt_for_sdmmc	1040	static
sprite_download.c:806:5:download_standard_gpt	16	static
sprite_download.c:128:5:sunxi_sprite_download_mbr	24	static
sprite_download.c:847:5:card0_convert_to_gpt	16	static
