sprite_secstorage.c:61:12:1	120	static
sprite_secstorage.c:204:5:sunxi_secure_storage_init	16	static
sprite_secstorage.c:246:5:sunxi_secure_storage_exit	16	static
sprite_secstorage.c:288:5:sunxi_secure_storage_list	4216	static
sprite_secstorage.c:364:5:sunxi_secure_storage_probe	16	static
sprite_secstorage.c:401:5:sunxi_secure_storage_read	4128	static
sprite_secstorage.c:529:5:sunxi_secure_storage_erase_data_only	4120	static
sprite_secstorage.c:457:5:sunxi_secure_storage_write	4128	static
sprite_secstorage.c:578:5:sunxi_secure_storage_erase	4120	static
sprite_secstorage.c:621:5:sunxi_secure_storage_erase_all	8	static
