drv_hdmi.c:554:12:hdmi_suspend	0	static
drv_hdmi.c:585:12:hdmi_resume	0	static
drv_hdmi.c:151:12:hdmi_clk_disable	8	static
drv_hdmi.c:437:12:hdmi_get_video_timming_info	8	static
drv_hdmi.c:456:12:hdmi_get_input_csc	0	static
drv_hdmi.c:419:12:hdmi_get_HPD_status	8	static
drv_hdmi.c:390:12:hdmi_mode_support	0	static
drv_hdmi.c:285:12:hdmi_disable	8	static
drv_hdmi.c:264:12:hdmi_enable	24	static
drv_hdmi.c:346:12:hdmi_set_display_mode	8	static
drv_hdmi.c:42:6:hdmi_delay_ms	0	static
drv_hdmi.c:53:6:hdmi_delay_us	0	static
drv_hdmi.c:62:14:hdmi_get_soc_version	0	static
drv_hdmi.c:224:14:hdmi_clk_get_div	16	static
drv_hdmi.c:325:5:hdmi_get_vic	8	static
drv_hdmi.c:546:5:hdmi_hpd_event	0	static
drv_hdmi.c:642:5:hdmi_init	160	static
drv_hdmi.c:884:5:hdmi_exit	8	static
