hdmi_core.c:80:12:hdmi_core_view_on	16	static
hdmi_core.c:92:5:hdmi_core_initial	16	static
hdmi_core.c:129:6:hdmi_core_exit	0	static
hdmi_core.c:134:6:hdmi_core_set_base_addr	0	static
hdmi_core.c:232:5:hdmi_core_hpd_check	0	static
hdmi_core.c:240:5:hdmi_core_get_video_info	8	static
hdmi_core.c:253:5:hdmi_core_get_audio_info	16	static
hdmi_core.c:312:5:hdmi_core_set_hdcp_enable	0	static
hdmi_core.c:319:5:hdmi_core_get_hdcp_enable	0	static
hdmi_core.c:324:5:hdmi_core_set_cts_enable	0	static
hdmi_core.c:331:5:hdmi_core_get_cts_enable	0	static
hdmi_core.c:336:5:hdmi_core_get_csc_type	8	static
hdmi_core.c:448:5:hdmi_core_get_video_mode	8	static
hdmi_core.c:460:5:hdmi_core_set_video_mode	16	static
hdmi_core.c:473:5:hdmi_core_set_video_enable	24	static
hdmi_core.c:165:5:hdmi_core_loop	32	static
hdmi_core.c:520:6:hdmi_core_get_video_enable	16	static
hdmi_core.c:529:5:hdmi_core_get_list_num	0	static
hdmi_core.c:599:5:hdmi_core_enter_lp	16	static
hdmi_core.c:610:5:hdmi_core_exit_lp	8	static
hdmi_core.c:617:5:hdmi_core_mode_support	8	static
hdmi_core.c:625:5:hdmi_core_dvi_support	8	static
hdmi_core.c:633:5:hdmi_core_cec_enable	0	static
hdmi_core.c:640:5:hdmi_core_update_detect_time	0	static
hdmi_core.c:647:5:hdmi_core_cec_get_simple_msg	16	static
