usb_burn.c:1091:13:sunxi_pburn_reset	0	static
usb_burn.c:1112:14:sunxi_pburn_usb_rx_dma_isr	0	static
usb_burn.c:1134:14:sunxi_pburn_usb_tx_dma_isr	0	static
usb_burn.c:1059:12:sunxi_pburn_exit	8	static
usb_burn.c:1157:12:sunxi_pburn_standard_req_op	40	static
usb_burn.c:1015:12:sunxi_pburn_init	16	static
usb_burn.c:1227:12:sunxi_pburn_nonstandard_req_op	8	static
usb_burn.c:41:5:sunxi_key_ladder_verify_rotpk_hash	8	static
usb_burn.c:48:5:smc_set_sst_crypt_name	8	static
usb_burn.c:55:5:sunxi_verify_rotpk_hash	8	static
usb_burn.c:62:5:sunxi_deal_hdcp_key	8	static
usb_burn.c:69:5:sunxi_secure_object_down	8	static
usb_burn.c:77:5:sunxi_efuse_write	8	static
usb_burn.c:84:5:sunxi_efuse_read	8	static
usb_burn.c:138:6:set_usb_burn_boot_init_flag	0	static
usb_burn.c:536:5:__sunxi_burn_key	112	static
usb_burn.c:697:5:__sunxi_read_key_by_name	4128	static
usb_burn.c:802:5:__sunxi_erase_key	8	static
usb_burn.c:852:5:__sunxi_burn_flag	8	static
usb_burn.c:917:5:sunxi_burn_part_verify	24	static
usb_burn.c:962:5:burn_part_probe	24	static
usb_burn.c:1276:12:sunxi_pburn_state_loop	544	static
