usb_fastboot.c:1352:13:sunxi_fastboot_reset	0	static
usb_fastboot.c:1485:12:sunxi_fastboot_nonstandard_req_op	0	static
usb_fastboot.c:1395:14:sunxi_fastboot_usb_tx_dma_isr	0	static
usb_fastboot.c:1373:14:sunxi_fastboot_usb_rx_dma_isr	8	static
usb_fastboot.c:587:12:erase_userdata	16	static
usb_fastboot.c:471:12:__fastboot_reboot	16	static
usb_fastboot.c:1506:13:__limited_fastboot	72	static
usb_fastboot.c:1415:12:sunxi_fastboot_standard_req_op	40	static
usb_fastboot.c:1326:12:sunxi_fastboot_exit	8	static
usb_fastboot.c:1283:12:sunxi_fastboot_init	16	static
usb_fastboot.c:56:5:get_fastboot_data_flag	0	static
usb_fastboot.c:61:27:sunxi_secure_storage_init	0	static
usb_fastboot.c:66:27:sunxi_secure_storage_exit	0	static
usb_fastboot.c:71:27:sunxi_secure_object_read	0	static
usb_fastboot.c:76:27:sunxi_secure_object_write	0	static
usb_fastboot.c:1042:12:sunxi_fastboot_write_status_flag	8	static
usb_fastboot.c:975:5:sunxi_oem_op_lock	80	static
usb_fastboot.c:1536:5:sunxi_fastboot_status_read	560	static
usb_fastboot.c:1577:12:sunxi_fastboot_status	8	static
usb_fastboot.c:1603:12:sunxi_fastboot_state_loop	816	static
