usb_base_platform.c:610:13:__usb_bulk_ep_reset	24	static
usb_base_platform.c:535:13:5	16	static
usb_base_platform.c:648:12:__usb_read_ep0_data	24	static
usb_base_platform.c:571:13:4	16	static
usb_base_platform.c:73:12:get_fastboot_data_flag	0	static
usb_base_platform.c:79:13:set_usb_burn_boot_init_flag	0	static
usb_base_platform.c:101:6:sunxi_usb_irq	40	static
usb_base_platform.c:237:5:sunxi_usb_init	24	static
usb_base_platform.c:402:5:sunxi_usb_exit	8	static
usb_base_platform.c:861:6:sunxi_udc_ep_reset	0	static
usb_base_platform.c:881:5:sunxi_udc_start_recv_by_dma	24	static
usb_base_platform.c:921:6:sunxi_udc_send_setup	16	static
usb_base_platform.c:953:5:sunxi_udc_set_configuration	0	static
usb_base_platform.c:973:5:sunxi_udc_set_address	8	static
usb_base_platform.c:995:5:sunxi_udc_send_data	32	static
usb_base_platform.c:1017:5:sunxi_udc_get_ep_max	0	static
usb_base_platform.c:1037:5:sunxi_udc_get_ep_in_type	0	static
usb_base_platform.c:1057:5:sunxi_udc_get_ep_out_type	0	static
usb_base_platform.c:1438:6:sunxi_usb_main_loop	16	static
usb_base_platform.c:1488:5:sunxi_usb_extern_loop	8	static
