usb_efex.c:556:13:sunxi_efex_reset	0	static
usb_efex.c:579:14:sunxi_efex_usb_rx_dma_isr	0	static
usb_efex.c:601:14:sunxi_efex_usb_tx_dma_isr	0	static
usb_efex.c:744:13:__sunxi_usb_efex_fill_status	16	static
usb_efex.c:775:12:__sunxi_usb_efex_op_cmd	232	static
usb_efex.c:1375:13:dram_data_recv_finish	24	static
usb_efex.c:1497:12:sunxi_efex_state_loop	24	static
usb_efex.c:625:12:sunxi_efex_standard_req_op	40	static
usb_efex.c:520:12:sunxi_efex_exit	8	static
usb_efex.c:460:12:sunxi_efex_init	16	static
usb_efex.c:695:12:sunxi_efex_nonstandard_req_op	8	static
