nand_uboot_fun.c:60:5:__NAND_UpdatePhyArch	8	static
nand_uboot_fun.c:69:5:msg	8	static
nand_uboot_fun.c:76:5:NAND_PhyInit	8	static
nand_uboot_fun.c:99:5:NAND_PhyExit	8	static
nand_uboot_fun.c:107:5:NAND_LogicWrite	0	static
nand_uboot_fun.c:112:5:NAND_LogicRead	0	static
nand_uboot_fun.c:118:5:NAND_LogicInit	24	static
nand_uboot_fun.c:199:5:NAND_LogicExit	8	static
nand_uboot_fun.c:212:5:NAND_build_all_partition	16	static
nand_uboot_fun.c:248:5:NAND_VersionGet	8	static
nand_uboot_fun.c:262:5:NAND_VersionCheck	96	static
nand_uboot_fun.c:355:6:NAND_EraseBootBlocks	16	static
nand_uboot_fun.c:372:6:NAND_EraseChip	0	static
nand_uboot_fun.c:376:6:NAND_EraseChip_force	0	static
nand_uboot_fun.c:380:5:NAND_BadBlockScan	0	static
nand_uboot_fun.c:385:5:NAND_UbootInit	16	static
nand_uboot_fun.c:412:5:NAND_UbootExit	0	static
nand_uboot_fun.c:423:5:NAND_UbootProbe	8	static
nand_uboot_fun.c:439:6:NAND_UbootRead	0	static
nand_uboot_fun.c:444:6:NAND_UbootWrite	0	static
nand_uboot_fun.c:450:5:NAND_Uboot_Erase	8	static
nand_uboot_fun.c:485:5:NAND_Uboot_Force_Erase	8	static
nand_uboot_fun.c:502:5:NAND_BurnBoot0	0	static
nand_uboot_fun.c:507:5:NAND_ReadBoot0	0	static
nand_uboot_fun.c:512:5:NAND_BurnUboot	0	static
nand_uboot_fun.c:517:5:NAND_GetParam_store	24	static
nand_uboot_fun.c:537:5:NAND_FlushCache	0	static
