nand_osal_uboot.c:48:7:get_wvalue	0	static
nand_osal_uboot.c:53:6:put_wvalue	0	static
nand_osal_uboot.c:66:5:NAND_set_boot_mode	0	static
nand_osal_uboot.c:73:5:NAND_Print	16	static
nand_osal_uboot.c:91:5:NAND_Print_DBG	16	static
nand_osal_uboot.c:109:7:NAND_CleanFlushDCacheRegion	8	static
nand_osal_uboot.c:115:7:NAND_InvaildDCacheRegion	0	static
nand_osal_uboot.c:120:7:NAND_DMASingleMap	0	static
nand_osal_uboot.c:125:7:NAND_DMASingleUnmap	0	static
nand_osal_uboot.c:170:7:NAND_FreeMemoryForDMADescs	16	static
nand_osal_uboot.c:190:5:NAND_WaitDmaFinish	0	static
nand_osal_uboot.c:195:7:_Getpll6Clk	0	static
nand_osal_uboot.c:215:7:_get_ndfc_clk_v1	16	static
nand_osal_uboot.c:256:7:_change_ndfc_clk_v1	32	static
nand_osal_uboot.c:346:7:_close_ndfc_clk_v1	8	static
nand_osal_uboot.c:373:7:_open_ndfc_ahb_gate_and_reset_v1	8	static
nand_osal_uboot.c:414:7:_close_ndfc_ahb_gate_and_reset_v1	8	static
nand_osal_uboot.c:446:7:_cfg_ndfc_gpio_v1	16	static
nand_osal_uboot.c:464:5:NAND_ClkRequest	8	static
nand_osal_uboot.c:494:6:NAND_ClkRelease	8	static
nand_osal_uboot.c:532:5:NAND_SetClk	8	static
nand_osal_uboot.c:564:5:NAND_GetClk	8	static
nand_osal_uboot.c:586:7:NAND_PIORequest	8	static
nand_osal_uboot.c:629:7:NAND_PIOFuncChange_DQSc	8	static
nand_osal_uboot.c:657:7:NAND_PIOFuncChange_REc	8	static
nand_osal_uboot.c:686:6:NAND_PIORelease	0	static
nand_osal_uboot.c:696:6:NAND_Memset	0	static
nand_osal_uboot.c:701:6:NAND_Memcpy	0	static
nand_osal_uboot.c:733:8:NAND_Malloc	8	static
nand_osal_uboot.c:130:7:NAND_AllocMemoryForDMADescs	16	static
nand_osal_uboot.c:750:6:NAND_Free	0	static
nand_osal_uboot.c:759:7:OSAL_IrqUnLock	0	static
nand_osal_uboot.c:763:7:OSAL_IrqLock	0	static
nand_osal_uboot.c:768:5:NAND_WaitRbReady	0	static
nand_osal_uboot.c:773:7:NAND_IORemap	0	static
nand_osal_uboot.c:778:7:NAND_VA_TO_PA	0	static
nand_osal_uboot.c:783:7:NAND_GetIOBaseAddrCH0	0	static
nand_osal_uboot.c:788:7:NAND_GetIOBaseAddrCH1	0	static
nand_osal_uboot.c:793:7:NAND_GetNdfcVersion	0	static
nand_osal_uboot.c:798:7:NAND_GetNdfcDmaMode	0	static
nand_osal_uboot.c:809:5:NAND_PhysicLockInit	0	static
nand_osal_uboot.c:814:5:NAND_PhysicLock	0	static
nand_osal_uboot.c:819:5:NAND_PhysicUnLock	0	static
nand_osal_uboot.c:824:5:NAND_PhysicLockExit	0	static
nand_osal_uboot.c:829:7:NAND_GetMaxChannelCnt	0	static
nand_osal_uboot.c:834:7:NAND_GetPlatform	0	static
nand_osal_uboot.c:842:5:nand_request_dma	8	static
nand_osal_uboot.c:853:5:NAND_ReleaseDMA	8	static
nand_osal_uboot.c:865:5:nand_dma_config_start	40	static
nand_osal_uboot.c:917:7:NAND_GetNandExtPara	24	static
nand_osal_uboot.c:982:7:NAND_GetNandIDNumCtrl	16	static
nand_osal_uboot.c:1001:6:nand_cond_resched	0	static
nand_osal_uboot.c:1006:7:NAND_GetNandCapacityLevel	16	static
nand_osal_uboot.c:1032:7:nand_rb_wait_time_out	0	static
nand_osal_uboot.c:1037:7:nand_rb_wake_up	0	static
nand_osal_uboot.c:1049:7:nand_dma_wait_time_out	0	static
nand_osal_uboot.c:1054:7:nand_dma_wake_up	0	static
nand_osal_uboot.c:1065:5:NAND_IS_Secure_sys	8	static
nand_osal_uboot.c:1079:5:NAND_GetVoltage	0	static
nand_osal_uboot.c:1086:5:NAND_ReleaseVoltage	0	static
nand_osal_uboot.c:1093:6:NAND_Print_Version	16	static
nand_osal_uboot.c:1105:5:NAND_Get_Version	0	static
