Archive member included because of file (symbol)

/aosp/brandy/gcc-linaro/bin/../lib/gcc/arm-linux-gnueabi/4.6.3/libgcc.a(_udivsi3.o)
                              arch/arm/cpu/armv7/sun50iw1p1/built-in.o (__aeabi_uidiv)
/aosp/brandy/gcc-linaro/bin/../lib/gcc/arm-linux-gnueabi/4.6.3/libgcc.a(_divsi3.o)
                              arch/arm/cpu/armv7/sun50iw1p1/built-in.o (__aeabi_idiv)
/aosp/brandy/gcc-linaro/bin/../lib/gcc/arm-linux-gnueabi/4.6.3/libgcc.a(_lshrdi3.o)
                              lib/built-in.o (__aeabi_llsr)
/aosp/brandy/gcc-linaro/bin/../lib/gcc/arm-linux-gnueabi/4.6.3/libgcc.a(_ashrdi3.o)
                              drivers/built-in.o (__aeabi_lasr)
/aosp/brandy/gcc-linaro/bin/../lib/gcc/arm-linux-gnueabi/4.6.3/libgcc.a(_ashldi3.o)
                              drivers/mmc/built-in.o (__aeabi_llsl)
/aosp/brandy/gcc-linaro/bin/../lib/gcc/arm-linux-gnueabi/4.6.3/libgcc.a(_arm_addsubdf3.o)
                              board/sunxi/cartoon/built-in.o (__aeabi_i2d)
/aosp/brandy/gcc-linaro/bin/../lib/gcc/arm-linux-gnueabi/4.6.3/libgcc.a(_arm_muldivdf3.o)
                              board/sunxi/cartoon/built-in.o (__aeabi_ddiv)
/aosp/brandy/gcc-linaro/bin/../lib/gcc/arm-linux-gnueabi/4.6.3/libgcc.a(_arm_truncdfsf2.o)
                              board/sunxi/cartoon/built-in.o (__aeabi_d2f)
/aosp/brandy/gcc-linaro/bin/../lib/gcc/arm-linux-gnueabi/4.6.3/libgcc.a(_arm_addsubsf3.o)
                              board/sunxi/cartoon/built-in.o (__aeabi_fsub)
/aosp/brandy/gcc-linaro/bin/../lib/gcc/arm-linux-gnueabi/4.6.3/libgcc.a(_arm_muldivsf3.o)
                              board/sunxi/cartoon/built-in.o (__aeabi_fmul)
/aosp/brandy/gcc-linaro/bin/../lib/gcc/arm-linux-gnueabi/4.6.3/libgcc.a(_arm_fixsfsi.o)
                              board/sunxi/cartoon/built-in.o (__aeabi_f2iz)
/aosp/brandy/gcc-linaro/bin/../lib/gcc/arm-linux-gnueabi/4.6.3/libgcc.a(_aeabi_uldivmod.o)
                              lib/openssl/built-in.o (__aeabi_uldivmod)
/aosp/brandy/gcc-linaro/bin/../lib/gcc/arm-linux-gnueabi/4.6.3/libgcc.a(_dvmd_lnx.o)
                              /aosp/brandy/gcc-linaro/bin/../lib/gcc/arm-linux-gnueabi/4.6.3/libgcc.a(_udivsi3.o) (__aeabi_idiv0)
/aosp/brandy/gcc-linaro/bin/../lib/gcc/arm-linux-gnueabi/4.6.3/libgcc.a(bpabi.o)
                              /aosp/brandy/gcc-linaro/bin/../lib/gcc/arm-linux-gnueabi/4.6.3/libgcc.a(_aeabi_uldivmod.o) (__gnu_uldivmod_helper)
/aosp/brandy/gcc-linaro/bin/../lib/gcc/arm-linux-gnueabi/4.6.3/libgcc.a(_divdi3.o)
                              /aosp/brandy/gcc-linaro/bin/../lib/gcc/arm-linux-gnueabi/4.6.3/libgcc.a(bpabi.o) (__divdi3)
/aosp/brandy/gcc-linaro/bin/../lib/gcc/arm-linux-gnueabi/4.6.3/libgcc.a(_udivdi3.o)
                              /aosp/brandy/gcc-linaro/bin/../lib/gcc/arm-linux-gnueabi/4.6.3/libgcc.a(bpabi.o) (__udivdi3)

Discarded input sections

 .text          0x00000000        0x0 arch/arm/cpu/armv7/spare_head.o
 .data          0x00000000        0x0 arch/arm/cpu/armv7/spare_head.o
 .bss           0x00000000        0x0 arch/arm/cpu/armv7/spare_head.o
 .text          0x00000000        0x0 arch/arm/cpu/armv7/uboot_hash.o
 .data          0x00000000        0x0 arch/arm/cpu/armv7/uboot_hash.o
 .bss           0x00000000        0x0 arch/arm/cpu/armv7/uboot_hash.o
 .data          0x00000000        0x0 arch/arm/cpu/armv7/start.o
 .bss           0x00000000        0x0 arch/arm/cpu/armv7/start.o
 .text.v7_outer_cache_disable
                0x00000000        0x4 arch/arm/cpu/armv7/built-in.o
 .text.mmu_page_table_flush
                0x00000000       0x24 arch/arm/cpu/armv7/built-in.o
 .text.cpu_cache_initialization
                0x00000000        0x4 arch/arm/cpu/armv7/built-in.o
 .text.sdelay   0x00000000        0xc arch/arm/cpu/armv7/built-in.o
 .text.wait_on_value
                0x00000000       0x34 arch/arm/cpu/armv7/built-in.o
 .data          0x00000000        0x0 arch/arm/cpu/armv7/built-in.o
 .bss           0x00000000        0x0 arch/arm/cpu/armv7/built-in.o
 .text          0x00000000        0x0 arch/arm/cpu/armv7/sun50iw1p1/built-in.o
 .text.sunxi_clock_set_ahb2
                0x00000000       0x1c arch/arm/cpu/armv7/sun50iw1p1/built-in.o
 .text.pll_lock_is_new_mode
                0x00000000       0x14 arch/arm/cpu/armv7/sun50iw1p1/built-in.o
 .text.enable_pll_lock_bit
                0x00000000       0x18 arch/arm/cpu/armv7/sun50iw1p1/built-in.o
 .text.disable_pll_lock_bit
                0x00000000       0x18 arch/arm/cpu/armv7/sun50iw1p1/built-in.o
 .text.sunxi_clock_set_corepll
                0x00000000      0x10c arch/arm/cpu/armv7/sun50iw1p1/built-in.o
 .data          0x00000000        0x0 arch/arm/cpu/armv7/sun50iw1p1/built-in.o
 .data.pll1_table
                0x00000000     0x1a54 arch/arm/cpu/armv7/sun50iw1p1/built-in.o
 .bss           0x00000000        0x0 arch/arm/cpu/armv7/sun50iw1p1/built-in.o
 .text          0x00000000        0x0 arch/arm/cpu/armv7/sunxi-common/built-in.o
 .text.disable_caches
[...]
Memory Configuration

Name             Origin             Length             Attributes
*default*        0x00000000         0xffffffff

Linker script and memory map

                0x4a000000                . = 0x4a000000
                0x4a000000                . = ALIGN (0x4)

.head           0x4a000000      0x600
 *(.__image_copy_start)
 .__image_copy_start
                0x4a000000        0x0 arch/arm/lib/built-in.o
                0x4a000000                __image_copy_start
 arch/arm/cpu/armv7/spare_head.o(.data*)
 .data.uboot_spare_head
                0x4a000000      0x600 arch/arm/cpu/armv7/spare_head.o
                0x4a000000                uboot_spare_head

.hash           0x4a000600       0x40
 arch/arm/cpu/armv7/uboot_hash.o(.data*)
 .data.uboot_hash_value
                0x4a000600       0x40 arch/arm/cpu/armv7/uboot_hash.o
                0x4a000600                uboot_hash_value
                0x4a000640                . = ALIGN (0x4)

.text           0x4a000640    0x9ecf8
 *(.vectors)
 .vectors       0x4a000640      0x2c0 arch/arm/lib/built-in.o
                0x4a000640                _start
                0x4a000660                _reset_vec
                0x4a000664                _undefined_instruction
                0x4a000668                _software_interrupt
                0x4a00066c                _prefetch_abort
                0x4a000670                _data_abort
                0x4a000674                _not_used
                0x4a000678                _irq
                0x4a00067c                _fiq
                0x4a000680                IRQ_STACK_START_IN
                0x4a000684                IRQ_STACK_START
                0x4a000688                FIQ_STACK_START
 arch/arm/cpu/armv7/start.o(.text*)
 .text          0x4a000900      0x254 arch/arm/cpu/armv7/start.o
                0x4a000900                _TEXT_BASE
                0x4a000904                reset
                0x4a000944                c_runtime_cpu_setup
                0x4a00095c                save_boot_params
                0x4a000960                cpu_init_cp15
                0x4a0009a8                cpu_init_crit
                0x4a0009ac                secondary_cpu_start
                0x4a000a34                third_cpu_start
                0x4a000a98                cpu_spin_lock
                0x4a000ac4                cpu_spin_trylock
                0x4a000af8                cpu_spin_unlock
                0x4a000b10                get_core_pos
                0x4a000b24                cpu0_set_irq_stack
 *(.text*)
 .text          0x4a000b54       0x24 arch/arm/cpu/armv7/built-in.o
                0x4a000b54                lowlevel_init
 .text.v7_maint_dcache_all
                0x4a000b78       0xe8 arch/arm/cpu/armv7/built-in.o
 .text.v7_dcache_maint_range
                0x4a000c60       0xc8 arch/arm/cpu/armv7/built-in.o
 .text.invalidate_icache_all
                0x4a000d28       0x18 arch/arm/cpu/armv7/built-in.o
                0x4a000d28                invalidate_icache_all
 .text.v7_outer_cache_enable
                0x4a000d40        0x4 arch/arm/cpu/armv7/built-in.o
                0x4a000d40                v7_outer_cache_enable
 .text.v7_outer_cache_flush_all
                0x4a000d44        0x4 arch/arm/cpu/armv7/built-in.o
                0x4a000d44                v7_outer_cache_flush_all
 .text.flush_dcache_all
                0x4a000d48       0x14 arch/arm/cpu/armv7/built-in.o
                0x4a000d48                flush_dcache_all
 .text.v7_outer_cache_inval_all
                0x4a000d5c        0x4 arch/arm/cpu/armv7/built-in.o
                0x4a000d5c                v7_outer_cache_inval_all
 .text.invalidate_dcache_all
                0x4a000d60       0x14 arch/arm/cpu/armv7/built-in.o
                0x4a000d60                invalidate_dcache_all
 .text.arm_init_before_mmu
                0x4a000d74       0x28 arch/arm/cpu/armv7/built-in.o
                0x4a000d74                arm_init_before_mmu
 .text.v7_outer_cache_flush_range
                0x4a000d9c        0x4 arch/arm/cpu/armv7/built-in.o
                0x4a000d9c                v7_outer_cache_flush_range
 .text.flush_dcache_range
                0x4a000da0       0x24 arch/arm/cpu/armv7/built-in.o
                0x4a000da0                flush_dcache_range
 .text.flush_cache
                0x4a000dc4        0x8 arch/arm/cpu/armv7/built-in.o
                0x4a000dc4                flush_cache
 .text.v7_outer_cache_inval_range
                0x4a000dcc        0x4 arch/arm/cpu/armv7/built-in.o
                0x4a000dcc                v7_outer_cache_inval_range
 .text.invalidate_dcache_range
                0x4a000dd0       0x24 arch/arm/cpu/armv7/built-in.o
                0x4a000dd0                invalidate_dcache_range
 .text.cleanup_before_linux
                0x4a000df4       0x18 arch/arm/cpu/armv7/built-in.o
                0x4a000df4                cleanup_before_linux
 .text.cleanup_before_powerdown
                0x4a000e0c       0x14 arch/arm/cpu/armv7/built-in.o
                0x4a000e0c                cleanup_before_powerdown
 .text.sunxi_clock_get_pll6
                0x4a000e20       0x30 arch/arm/cpu/armv7/sun50iw1p1/built-in.o
                0x4a000e20                sunxi_clock_get_pll6
 .text.sunxi_clock_get_corepll
                0x4a000e50       0x6c arch/arm/cpu/armv7/sun50iw1p1/built-in.o
                0x4a000e50                sunxi_clock_get_corepll
 .text.sunxi_clock_get_axi
                0x4a000ebc       0x24 arch/arm/cpu/armv7/sun50iw1p1/built-in.o
                0x4a000ebc                sunxi_clock_get_axi
 .text.sunxi_clock_get_ahb
                0x4a000ee0       0x68 arch/arm/cpu/armv7/sun50iw1p1/built-in.o
                0x4a000ee0                sunxi_clock_get_ahb
 .text.sunxi_clock_get_apb
                0x4a000f48       0x28 arch/arm/cpu/armv7/sun50iw1p1/built-in.o
                0x4a000f48                sunxi_clock_get_apb
 .text.sunxi_clock_get_ahb2
                0x4a000f70       0x30 arch/arm/cpu/armv7/sun50iw1p1/built-in.o
                0x4a000f70                sunxi_clock_get_ahb2
 .text.sunxi_clock_get_mbus
                0x4a000fa0       0x48 arch/arm/cpu/armv7/sun50iw1p1/built-in.o
                0x4a000fa0                sunxi_clock_get_mbus
 .text.power_source_init
                0x4a000fe8       0xd0 arch/arm/cpu/armv7/sun50iw1p1/built-in.o
                0x4a000fe8                power_source_init
 .text.sunxi_probe_securemode
                0x4a0010b8       0xf8 arch/arm/cpu/armv7/sun50iw1p1/built-in.o
                0x4a0010b8                sunxi_probe_securemode
 .text.sunxi_set_secure_mode
                0x4a0011b0       0x38 arch/arm/cpu/armv7/sun50iw1p1/built-in.o
                0x4a0011b0                sunxi_set_secure_mode
 .text.sunxi_set_bootmode_flag
                0x4a0011e8       0x30 arch/arm/cpu/armv7/sun50iw1p1/built-in.o
                0x4a0011e8                sunxi_set_bootmode_flag
 .text.sunxi_get_bootmode_flag
                0x4a001218        0xc arch/arm/cpu/armv7/sun50iw1p1/built-in.o
                0x4a001218                sunxi_get_bootmode_flag
 .text.usb_open_clock
                0x4a001224       0x80 arch/arm/cpu/armv7/sun50iw1p1/built-in.o
                0x4a001224                usb_open_clock
 .text.usb_close_clock
                0x4a0012a4       0x54 arch/arm/cpu/armv7/sun50iw1p1/built-in.o
                0x4a0012a4                usb_close_clock
 .text.s_init   0x4a0012f8       0x14 arch/arm/cpu/armv7/sunxi-common/built-in.o
                0x4a0012f8                s_init
 .text.reset_cpu
                0x4a00130c       0x18 arch/arm/cpu/armv7/sunxi-common/built-in.o
                0x4a00130c                reset_cpu
 .text.enable_caches
                0x4a001324       0x10 arch/arm/cpu/armv7/sunxi-common/built-in.o
                0x4a001324                enable_caches
 .text.script_init
                0x4a001334       0x40 arch/arm/cpu/armv7/sunxi-common/built-in.o
                0x4a001334                script_init
 .text.sunxi_set_fel_flag
                0x4a001374       0x18 arch/arm/cpu/armv7/sunxi-common/built-in.o
                0x4a001374                sunxi_set_fel_flag
 .text.sunxi_board_close_source
                0x4a00138c       0x28 arch/arm/cpu/armv7/sunxi-common/built-in.o
                0x4a00138c                sunxi_board_close_source
 .text.sunxi_board_restart
                0x4a0013b4       0x54 arch/arm/cpu/armv7/sunxi-common/built-in.o
                0x4a0013b4                sunxi_board_restart
 .text.sunxi_board_shutdown
                0x4a001408       0x68 arch/arm/cpu/armv7/sunxi-common/built-in.o
                0x4a001408                sunxi_board_shutdown
 .text.sunxi_board_prepare_kernel
                0x4a001470       0x18 arch/arm/cpu/armv7/sunxi-common/built-in.o
                0x4a001470                sunxi_board_prepare_kernel
 .text.sunxi_flush_allcaches
                0x4a001488       0x10 arch/arm/cpu/armv7/sunxi-common/built-in.o
                0x4a001488                sunxi_flush_allcaches
 .text.sunxi_board_run_fel
                0x4a001498       0x60 arch/arm/cpu/armv7/sunxi-common/built-in.o
                0x4a001498                sunxi_board_run_fel
 .text.sunxi_board_run_fel_eraly
                0x4a0014f8       0x48 arch/arm/cpu/armv7/sunxi-common/built-in.o
                0x4a0014f8                sunxi_board_run_fel_eraly
 .text.sunxi_probe_secure_monitor
                0x4a001540       0x1c arch/arm/cpu/armv7/sunxi-common/built-in.o
                0x4a001540                sunxi_probe_secure_monitor
 .text.sunxi_probe_secure_os
                0x4a00155c       0x10 arch/arm/cpu/armv7/sunxi-common/built-in.o
                0x4a00155c                sunxi_probe_secure_os
 .text.sunxi_get_securemode
                0x4a00156c        0x8 arch/arm/cpu/armv7/sunxi-common/built-in.o
                0x4a00156c                sunxi_get_securemode
 *fill*         0x4a001574        0xc 00
 .text          0x4a001580      0x58c arch/arm/lib/built-in.o
                0x4a001580                _main
                0x4a001604                relocate_code
                0x4a0016a0                memset
                0x4a001760                memcpy
 .text.arch_fixup_memory_node
                0x4a001b0c       0x38 arch/arm/lib/built-in.o
                0x4a001b0c                arch_fixup_memory_node
 .text.boot_jump_linux
                0x4a001b44       0xb8 arch/arm/lib/built-in.o
 .text.boot_prep_linux
                0x4a001bfc       0x4c arch/arm/lib/built-in.o
 .text.arch_lmb_reserve
                0x4a001c48       0x24 arch/arm/lib/built-in.o
                0x4a001c48                arch_lmb_reserve
 .text.do_bootm_linux
                0x4a001c6c       0x5c arch/arm/lib/built-in.o
                0x4a001c6c                do_bootm_linux
 .text.bootz_setup
                0x4a001cc8       0x60 arch/arm/lib/built-in.o
                0x4a001cc8                bootz_setup
 .text.boot_prep_vxworks
                0x4a001d28       0x4c arch/arm/lib/built-in.o
                0x4a001d28                boot_prep_vxworks
 .text.boot_jump_vxworks
                0x4a001d74       0x14 arch/arm/lib/built-in.o
                0x4a001d74                boot_jump_vxworks
 .text.interrupt_init
                0x4a001d88       0x4c arch/arm/lib/built-in.o
                0x4a001d88                interrupt_init
 .text.interrupt_exit
                0x4a001dd4        0x4 arch/arm/lib/built-in.o
                0x4a001dd4                interrupt_exit
 .text.enable_interrupts
                0x4a001dd8       0x10 arch/arm/lib/built-in.o
                0x4a001dd8                enable_interrupts
 .text.interrupts_is_open
                0x4a001de8       0x14 arch/arm/lib/built-in.o
                0x4a001de8                interrupts_is_open
 .text.disable_interrupts
                0x4a001dfc       0x1c arch/arm/lib/built-in.o
                0x4a001dfc                disable_interrupts
 .text.bad_mode
                0x4a001e18       0x10 arch/arm/lib/built-in.o
                0x4a001e18                bad_mode
 .text.show_regs
                0x4a001e28      0x140 arch/arm/lib/built-in.o
                0x4a001e28                show_regs
 .text.do_undefined_instruction
                0x4a001f68       0x20 arch/arm/lib/built-in.o
                0x4a001f68                do_undefined_instruction
 .text.do_software_interrupt
                0x4a001f88       0x20 arch/arm/lib/built-in.o
                0x4a001f88                do_software_interrupt
 .text.do_prefetch_abort
                0x4a001fa8       0x20 arch/arm/lib/built-in.o
                0x4a001fa8                do_prefetch_abort
 .text.do_data_abort
                0x4a001fc8       0x20 arch/arm/lib/built-in.o
                0x4a001fc8                do_data_abort
 .text.do_not_used
                0x4a001fe8       0x20 arch/arm/lib/built-in.o
                0x4a001fe8                do_not_used
 .text.do_fiq   0x4a002008       0x20 arch/arm/lib/built-in.o
                0x4a002008                do_fiq
 .text.do_reset
                0x4a002028       0x2c arch/arm/lib/built-in.o
                0x4a002028                do_reset
 .text.cp_delay
                0x4a002054       0x30 arch/arm/lib/built-in.o
 .text.cache_disable
                0x4a002084       0x44 arch/arm/lib/built-in.o
 .text.arm_init_domains
                0x4a0020c8        0x4 arch/arm/lib/built-in.o
                0x4a0020c8                arm_init_domains
 .text.set_section_dcache
                0x4a0020cc       0x14 arch/arm/lib/built-in.o
                0x4a0020cc                set_section_dcache
 .text.dram_bank_mmu_setup
                0x4a0020e0       0x88 arch/arm/lib/built-in.o
                0x4a0020e0                dram_bank_mmu_setup
 .text.cache_enable
                0x4a002168       0x84 arch/arm/lib/built-in.o
 .text.icache_enable
                0x4a0021ec        0x8 arch/arm/lib/built-in.o
                0x4a0021ec                icache_enable
 .text.icache_disable
                0x4a0021f4        0x8 arch/arm/lib/built-in.o
                0x4a0021f4                icache_disable
 .text.dcache_enable
                0x4a0021fc        0x8 arch/arm/lib/built-in.o
                0x4a0021fc                dcache_enable
 .text.dcache_disable
                0x4a002204        0x8 arch/arm/lib/built-in.o
                0x4a002204                dcache_disable
 .text.dcache_status
                0x4a00220c        0xc arch/arm/lib/built-in.o
                0x4a00220c                dcache_status
 .text.sprite_cartoon_screen_set
                0x4a002218       0xa8 board/sunxi/cartoon/built-in.o
                0x4a002218                sprite_cartoon_screen_set
 .text.sprite_cartoon_test
                0x4a0022c0      0x198 board/sunxi/cartoon/built-in.o
                0x4a0022c0                sprite_cartoon_test
 .text.do_sunxi_screen_char
                0x4a002458        0x4 board/sunxi/cartoon/built-in.o
                0x4a002458                do_sunxi_screen_char
 .text.sprite_cartoon_create
                0x4a00245c       0xf4 board/sunxi/cartoon/built-in.o
                0x4a00245c                sprite_cartoon_create
 .text.sprite_cartoon_upgrade
                0x4a002550       0x38 board/sunxi/cartoon/built-in.o
                0x4a002550                sprite_cartoon_upgrade
 .text.sprite_cartoon_progressbar_create
                0x4a002588       0xb0 board/sunxi/cartoon/built-in.o
                0x4a002588                sprite_cartoon_progressbar_create
 .text.sprite_cartoon_progressbar_config
                0x4a002638       0x48 board/sunxi/cartoon/built-in.o
                0x4a002638                sprite_cartoon_progressbar_config
 .text.sprite_cartoon_progressbar_active
                0x4a002680       0x64 board/sunxi/cartoon/built-in.o
                0x4a002680                sprite_cartoon_progressbar_active
 .text.sprite_cartoon_progressbar_upgrate
                0x4a0026e4       0xc4 board/sunxi/cartoon/built-in.o
                0x4a0026e4                sprite_cartoon_progressbar_upgrate
 .text.sprite_cartoon_ui_draw_hollowrectangle
                0x4a0027a8       0xd4 board/sunxi/cartoon/built-in.o
                0x4a0027a8                sprite_cartoon_ui_draw_hollowrectangle
 .text.sprite_cartoon_ui_draw_solidrectangle
                0x4a00287c       0xac board/sunxi/cartoon/built-in.o
                0x4a00287c                sprite_cartoon_ui_draw_solidrectangle
 .text.sprite_cartoon_ui_set_color
                0x4a002928       0x14 board/sunxi/cartoon/built-in.o
                0x4a002928                sprite_cartoon_ui_set_color
 .text.sprite_cartoon_ui_get_color
                0x4a00293c       0x10 board/sunxi/cartoon/built-in.o
                0x4a00293c                sprite_cartoon_ui_get_color
 .text.uichar_change_newline
                0x4a00294c       0x74 board/sunxi/cartoon/built-in.o
 .text.sprite_uichar_init
                0x4a0029c0      0x124 board/sunxi/cartoon/built-in.o
                0x4a0029c0                sprite_uichar_init
 .text.sprite_uichar_printf
                0x4a002ae4      0x128 board/sunxi/cartoon/built-in.o
                0x4a002ae4                sprite_uichar_printf
 .text.draw_pixel
                0x4a002c0c       0x60 board/sunxi/cartoon/built-in.o
 .text.open_font
                0x4a002c6c       0xe0 board/sunxi/cartoon/built-in.o
                0x4a002c6c                open_font
 .text.check_change_line
                0x4a002d4c       0x60 board/sunxi/cartoon/built-in.o
                0x4a002d4c                check_change_line
 .text.draw_bmp_ulc
                0x4a002dac       0xd4 board/sunxi/cartoon/built-in.o
                0x4a002dac                draw_bmp_ulc
 .text.is_valid_face
                0x4a002e80       0x28 board/sunxi/cartoon/built-in.o
 .text.release_hdl_res
                0x4a002ea8       0xb4 board/sunxi/cartoon/built-in.o
 .text.SFTE_New_Face
                0x4a002f5c      0x214 board/sunxi/cartoon/built-in.o
                0x4a002f5c                SFTE_New_Face
 .text.SFTE_Done_Face
                0x4a003170       0x40 board/sunxi/cartoon/built-in.o
                0x4a003170                SFTE_Done_Face
 .text.SFTE_Set_Pixel_Sizes
                0x4a0031b0      0x170 board/sunxi/cartoon/built-in.o
                0x4a0031b0                SFTE_Set_Pixel_Sizes
 .text.SFTE_Get_Glyph
                0x4a003320      0x208 board/sunxi/cartoon/built-in.o
                0x4a003320                SFTE_Get_Glyph
 .text.sunxi_dump
                0x4a003528       0x5c board/sunxi/common/built-in.o
                0x4a003528                sunxi_dump
 .text.PIO_REG_CFG
                0x4a003584       0x34 board/sunxi/common/built-in.o
                0x4a003584                PIO_REG_CFG
 .text.PIO_REG_PULL
                0x4a0035b8       0x38 board/sunxi/common/built-in.o
                0x4a0035b8                PIO_REG_PULL
 .text.PIO_REG_DLEVEL
                0x4a0035f0       0x38 board/sunxi/common/built-in.o
                0x4a0035f0                PIO_REG_DLEVEL
 .text.PIO_REG_DATA
                0x4a003628       0x30 board/sunxi/common/built-in.o
                0x4a003628                PIO_REG_DATA
 .text.PIO_REG_CFG_VALUE
                0x4a003658       0x38 board/sunxi/common/built-in.o
                0x4a003658                PIO_REG_CFG_VALUE
 .text.gpio_set_one_pin_io_status
                0x4a003690       0xbc board/sunxi/common/built-in.o
                0x4a003690                gpio_set_one_pin_io_status
 .text.gpio_set_one_pin_pull
                0x4a00374c       0xbc board/sunxi/common/built-in.o
                0x4a00374c                gpio_set_one_pin_pull
 .text.gpio_write_one_pin_value
                0x4a003808       0xd4 board/sunxi/common/built-in.o
                0x4a003808                gpio_write_one_pin_value
 .text.gpio_request_early
                0x4a0038dc      0x398 board/sunxi/common/built-in.o
                0x4a0038dc                gpio_request_early
 .text.gpio_request
                0x4a003c74      0x474 board/sunxi/common/built-in.o
                0x4a003c74                gpio_request
 .text.gpio_release
                0x4a0040e8       0x30 board/sunxi/common/built-in.o
                0x4a0040e8                gpio_release
 .text.fdt_get_all_pin
                0x4a004118      0x420 board/sunxi/common/built-in.o
                0x4a004118                fdt_get_all_pin
 .text.fdt_set_all_pin
                0x4a004538       0x88 board/sunxi/common/built-in.o
                0x4a004538                fdt_set_all_pin
 .text.fdt_get_one_gpio
                0x4a0045c0       0xac board/sunxi/common/built-in.o
                0x4a0045c0                fdt_get_one_gpio
 .text._test_str_length
                0x4a00466c       0x30 board/sunxi/common/built-in.o
 .text.__script_parser_mainkey_get_gpio_count
                0x4a00469c       0xd0 board/sunxi/common/built-in.o
 .text.__script_parser_patch_all
                0x4a00476c       0xc4 board/sunxi/common/built-in.o
 .text.__script_parser_fetch_subkey_next
                0x4a004830       0xac board/sunxi/common/built-in.o
 .text.__script_probe_mainkey_gpio
                0x4a0048dc      0x1b4 board/sunxi/common/built-in.o
 .text.__script_parser_fetch_by_offset
                0x4a004a90      0x13c board/sunxi/common/built-in.o
 .text.__script_parser_mainkey_get_gpio_cfg
                0x4a004bcc      0x144 board/sunxi/common/built-in.o
 .text.__script_parser_patch
                0x4a004d10      0x1f8 board/sunxi/common/built-in.o
 .text.__script_parser_fetch_ex
                0x4a004f08      0x20c board/sunxi/common/built-in.o
 .text.__script_parser_fetch
                0x4a005114      0x1e8 board/sunxi/common/built-in.o
 .text.__script_parser_offset
                0x4a0052fc       0xa8 board/sunxi/common/built-in.o
 .text.__script_parser_fetch_subkey_start
                0x4a0053a4       0xa8 board/sunxi/common/built-in.o
 .text.__script_parser_subkey
                0x4a00544c       0x98 board/sunxi/common/built-in.o
 .text.set_script_reloc_buf
                0x4a0054e4       0x14 board/sunxi/common/built-in.o
                0x4a0054e4                set_script_reloc_buf
 .text.set_script_reloc_size
                0x4a0054f8       0x14 board/sunxi/common/built-in.o
                0x4a0054f8                set_script_reloc_size
 .text.get_script_reloc_buf
                0x4a00550c       0x14 board/sunxi/common/built-in.o
                0x4a00550c                get_script_reloc_buf
 .text.script_parser_fetch_subkey_next
                0x4a005520       0x88 board/sunxi/common/built-in.o
                0x4a005520                script_parser_fetch_subkey_next
 .text.script_parser_fetch
                0x4a0055a8       0x5c board/sunxi/common/built-in.o
                0x4a0055a8                script_parser_fetch
 .text.script_parser_fetch_ex
                0x4a005604       0x68 board/sunxi/common/built-in.o
                0x4a005604                script_parser_fetch_ex
 .text.script_parser_offset
                0x4a00566c       0x40 board/sunxi/common/built-in.o
                0x4a00566c                script_parser_offset
 .text.script_parser_fetch_by_offset
                0x4a0056ac       0x58 board/sunxi/common/built-in.o
                0x4a0056ac                script_parser_fetch_by_offset
 .text.script_parser_patch
                0x4a005704       0x5c board/sunxi/common/built-in.o
                0x4a005704                script_parser_patch
 .text.script_parser_mainkey_get_gpio_count
                0x4a005760       0x40 board/sunxi/common/built-in.o
                0x4a005760                script_parser_mainkey_get_gpio_count
 .text.script_parser_mainkey_get_gpio_cfg
                0x4a0057a0       0x58 board/sunxi/common/built-in.o
                0x4a0057a0                script_parser_mainkey_get_gpio_cfg
 .text.gpio_request_simple
                0x4a0057f8       0xb4 board/sunxi/common/built-in.o
                0x4a0057f8                gpio_request_simple
 .text.script_parser_func_init
                0x4a0058ac       0xd8 board/sunxi/common/built-in.o
                0x4a0058ac                script_parser_func_init
 .text.soc_script_parser_init
                0x4a005984       0x24 board/sunxi/common/built-in.o
                0x4a005984                soc_script_parser_init
 .text.gpt_partition_get_total_num
                0x4a0059a8       0xdc board/sunxi/common/built-in.o
                0x4a0059a8                gpt_partition_get_total_num
 .text.gpt_partition_get_offset
                0x4a005a84       0x78 board/sunxi/common/built-in.o
                0x4a005a84                gpt_partition_get_offset
 .text.gpt_partition_get_size
                0x4a005afc       0x98 board/sunxi/common/built-in.o
                0x4a005afc                gpt_partition_get_size
 .text.gpt_partition_fetch_mbr
                0x4a005b94       0x1c board/sunxi/common/built-in.o
                0x4a005b94                gpt_partition_fetch_mbr
 .text.aw_partition_get_total_num
                0x4a005bb0       0x3c board/sunxi/common/built-in.o
                0x4a005bb0                aw_partition_get_total_num
 .text.aw_partition_get_offset
                0x4a005bec       0x74 board/sunxi/common/built-in.o
                0x4a005bec                aw_partition_get_offset
 .text.aw_partition_get_size
                0x4a005c60       0x74 board/sunxi/common/built-in.o
                0x4a005c60                aw_partition_get_size
 .text.aw_partition_fetch_mbr
                0x4a005cd4       0x1c board/sunxi/common/built-in.o
                0x4a005cd4                aw_partition_fetch_mbr
 .text.aw_partition_get_info_byname
                0x4a005cf0       0xd4 board/sunxi/common/built-in.o
                0x4a005cf0                aw_partition_get_info_byname
 .text.aw_partition_get_size_byname
                0x4a005dc4       0xa0 board/sunxi/common/built-in.o
                0x4a005dc4                aw_partition_get_size_byname
 .text.aw_partition_get_partno_byname
                0x4a005e64       0x78 board/sunxi/common/built-in.o
                0x4a005e64                aw_partition_get_partno_byname
 .text.aw_partition_get_offset_byname
                0x4a005edc       0xa0 board/sunxi/common/built-in.o
                0x4a005edc                aw_partition_get_offset_byname
 .text.aw_partition_refresh
                0x4a005f7c       0x4c board/sunxi/common/built-in.o
                0x4a005f7c                aw_partition_refresh
 .text.gpt_partition_refresh
                0x4a005fc8       0x4c board/sunxi/common/built-in.o
                0x4a005fc8                gpt_partition_refresh
 .text.aw_partition_get_name
                0x4a006014       0x50 board/sunxi/common/built-in.o
                0x4a006014                aw_partition_get_name
 .text.gpt_partition_get_name
                0x4a006064       0xb0 board/sunxi/common/built-in.o
                0x4a006064                gpt_partition_get_name
 .text.sunxi_partition_get_total_num
                0x4a006114       0x1c board/sunxi/common/built-in.o
                0x4a006114                sunxi_partition_get_total_num
 .text.sunxi_partition_get_name
                0x4a006130       0x1c board/sunxi/common/built-in.o
                0x4a006130                sunxi_partition_get_name
 .text.sunxi_partition_get_offset
                0x4a00614c       0x1c board/sunxi/common/built-in.o
                0x4a00614c                sunxi_partition_get_offset
 .text.sunxi_partition_get_size
                0x4a006168       0x1c board/sunxi/common/built-in.o
                0x4a006168                sunxi_partition_get_size
 .text.sunxi_partition_get_offset_byname
                0x4a006184       0x1c board/sunxi/common/built-in.o
                0x4a006184                sunxi_partition_get_offset_byname
 .text.sunxi_partition_get_partno_byname
                0x4a0061a0       0x1c board/sunxi/common/built-in.o
                0x4a0061a0                sunxi_partition_get_partno_byname
 .text.sunxi_partition_get_size_byname
                0x4a0061bc       0x1c board/sunxi/common/built-in.o
                0x4a0061bc                sunxi_partition_get_size_byname
 .text.sunxi_partition_get_type
                0x4a0061d8       0x14 board/sunxi/common/built-in.o
                0x4a0061d8                sunxi_partition_get_type
 .text.sunxi_is_gpt_valid
                0x4a0061ec       0xe8 board/sunxi/common/built-in.o
                0x4a0061ec                sunxi_is_gpt_valid
 .text.sunxi_is_awpart_valid
                0x4a0062d4       0x70 board/sunxi/common/built-in.o
                0x4a0062d4                sunxi_is_awpart_valid
 .text.check_card0_partition
                0x4a006344       0xb0 board/sunxi/common/built-in.o
                0x4a006344                check_card0_partition
 .text.sunxi_partition_init
                0x4a0063f4      0x270 board/sunxi/common/built-in.o
                0x4a0063f4                sunxi_partition_init
 .text.char8_char16_compare
                0x4a006664       0x68 board/sunxi/common/built-in.o
                0x4a006664                char8_char16_compare
 .text.gpt_partition_get_info_byname
                0x4a0066cc       0xec board/sunxi/common/built-in.o
                0x4a0066cc                gpt_partition_get_info_byname
 .text.gpt_partition_get_size_byname
                0x4a0067b8       0x24 board/sunxi/common/built-in.o
                0x4a0067b8                gpt_partition_get_size_byname
 .text.gpt_partition_get_offset_byname
                0x4a0067dc       0x24 board/sunxi/common/built-in.o
                0x4a0067dc                gpt_partition_get_offset_byname
 .text.gpt_partition_get_partno_byname
                0x4a006800       0x80 board/sunxi/common/built-in.o
                0x4a006800                gpt_partition_get_partno_byname
 .text.sunxi_str_replace
                0x4a006880      0x1c8 board/sunxi/common/built-in.o
                0x4a006880                sunxi_str_replace
 .text.power_limit_init
                0x4a006a48        0xc board/sunxi/common/built-in.o
                0x4a006a48                power_limit_init
 .text.check_update_key
                0x4a006a54       0xc0 board/sunxi/common/built-in.o
                0x4a006a54                check_update_key
 .text.do_efuse_read
                0x4a006b14       0xac board/sunxi/common/built-in.o
                0x4a006b14                do_efuse_read
 .text.sunxi_keydata_burn_by_usb
                0x4a006bc0      0x12c board/sunxi/common/built-in.o
                0x4a006bc0                sunxi_keydata_burn_by_usb
 .text.get_serial_num_from_file
                0x4a006cec      0x12c board/sunxi/common/built-in.o
                0x4a006cec                get_serial_num_from_file
 .text.get_serial_num_from_chipid
                0x4a006e18       0x64 board/sunxi/common/built-in.o
                0x4a006e18                get_serial_num_from_chipid
 .text.sunxi_set_serial_num
                0x4a006e7c       0x88 board/sunxi/common/built-in.o
                0x4a006e7c                sunxi_set_serial_num
 .text.board_display_layer_request
                0x4a006f04       0x14 board/sunxi/common/built-in.o
                0x4a006f0c                board_display_layer_request
 .text.board_display_wait_lcd_open
                0x4a006f18       0x6c board/sunxi/common/built-in.o
                0x4a006f20                board_display_wait_lcd_open
 .text.board_display_wait_lcd_close
                0x4a006f84       0x6c board/sunxi/common/built-in.o
                0x4a006f8c                board_display_wait_lcd_close
 .text.board_display_set_exit_mode
                0x4a006ff0       0x64 board/sunxi/common/built-in.o
                0x4a006ff8                board_display_set_exit_mode
 .text.board_display_layer_open
                0x4a007054       0x60 board/sunxi/common/built-in.o
                0x4a00705c                board_display_layer_open
 .text.board_display_layer_para_set
                0x4a0070b4       0x50 board/sunxi/common/built-in.o
                0x4a0070bc                board_display_layer_para_set
 .text.board_display_show_until_lcd_open
                0x4a007104       0x44 board/sunxi/common/built-in.o
                0x4a00710c                board_display_show_until_lcd_open
 .text.board_display_show
                0x4a007148       0x1c board/sunxi/common/built-in.o
                0x4a007150                board_display_show
 .text.board_display_framebuffer_set
                0x4a007164      0x224 board/sunxi/common/built-in.o
                0x4a00716c                board_display_framebuffer_set
 .text.board_display_set_alpha_mode
                0x4a007388       0x1c board/sunxi/common/built-in.o
                0x4a00738c                board_display_set_alpha_mode
 .text.board_display_device_open
                0x4a0073a4      0x478 board/sunxi/common/built-in.o
                0x4a0073ac                board_display_device_open
 .text.borad_display_get_screen_width
                0x4a00781c       0x44 board/sunxi/common/built-in.o
                0x4a007824                borad_display_get_screen_width
 .text.borad_display_get_screen_height
                0x4a007860       0x44 board/sunxi/common/built-in.o
                0x4a007868                borad_display_get_screen_height
 .text.request_spin_lock
                0x4a0078a4       0x1c board/sunxi/common/built-in.o
                0x4a0078a4                request_spin_lock
 .text.sunxi_multi_core_boot
                0x4a0078c0       0xfc board/sunxi/common/built-in.o
                0x4a0078c0                sunxi_multi_core_boot
 .text.sunxi_bmp_decode_from_compress
                0x4a0079bc       0x18 board/sunxi/common/built-in.o
                0x4a0079bc                sunxi_bmp_decode_from_compress
 .text.sunxi_secondary_cpu_poweroff
                0x4a0079d4       0x78 board/sunxi/common/built-in.o
                0x4a0079d4                sunxi_secondary_cpu_poweroff
 .text.sunxi_set_cpu_off
                0x4a007a4c       0x10 board/sunxi/common/built-in.o
                0x4a007a4c                sunxi_set_cpu_off
 .text.sunxi_third_cpu_task
                0x4a007a5c      0x134 board/sunxi/common/built-in.o
                0x4a007a5c                sunxi_third_cpu_task
 .text.sunxi_secendary_cpu_task
                0x4a007b90      0x350 board/sunxi/common/built-in.o
                0x4a007b90                sunxi_secendary_cpu_task
 .text.sunxi_update_subsequent_processing
                0x4a007ee0       0x8c board/sunxi/common/built-in.o
                0x4a007ee0                sunxi_update_subsequent_processing
 .text.disable_node
                0x4a007f6c       0x68 board/sunxi/common/built-in.o
                0x4a007f6c                disable_node
 .text.dragonboard_handler
                0x4a007fd4       0xd4 board/sunxi/common/built-in.o
                0x4a007fd4                dragonboard_handler
 .text.update_fdt_para_for_kernel
                0x4a0080a8      0x634 board/sunxi/common/built-in.o
                0x4a0080a8                update_fdt_para_for_kernel
 .text.set_bootcmd_from_rtc
                0x4a0086dc       0xc8 board/sunxi/common/built-in.o
                0x4a0086dc                set_bootcmd_from_rtc
 .text.get_boot_work_mode
                0x4a0087a4       0x10 board/sunxi/common/built-in.o
                0x4a0087a4                get_boot_work_mode
 .text.get_boot_storage_type_ext
                0x4a0087b4       0x10 board/sunxi/common/built-in.o
                0x4a0087b4                get_boot_storage_type_ext
 .text.get_boot_storage_type
                0x4a0087c4       0x1c board/sunxi/common/built-in.o
                0x4a0087c4                get_boot_storage_type
 .text.update_bootcmd
                0x4a0087e0      0x28c board/sunxi/common/built-in.o
                0x4a0087e0                update_bootcmd
 .text.sunxi_fastboot_init
                0x4a008a6c      0x264 board/sunxi/common/built-in.o
                0x4a008a6c                sunxi_fastboot_init
 .text.set_boot_storage_type
                0x4a008cd0       0x10 board/sunxi/common/built-in.o
                0x4a008cd0                set_boot_storage_type
 .text.set_boot_dram_update_flag
                0x4a008ce0       0x10 board/sunxi/common/built-in.o
                0x4a008ce0                set_boot_dram_update_flag
 .text.get_pmu_byte_from_boot0
                0x4a008cf0       0x10 board/sunxi/common/built-in.o
                0x4a008cf0                get_pmu_byte_from_boot0
 .text.board_late_init
                0x4a008d00       0x44 board/sunxi/common/built-in.o
                0x4a008d00                board_late_init
 .text.sunxi_generate_checksum
                0x4a008d44       0x84 board/sunxi/common/built-in.o
                0x4a008d44                sunxi_generate_checksum
 .text.sunxi_verify_checksum
                0x4a008dc8       0x1c board/sunxi/common/built-in.o
                0x4a008dc8                sunxi_verify_checksum
 .text.board_init
                0x4a008de4       0x34 board/sunxi/sun50iw1p1/built-in.o
                0x4a008de4                board_init
 .text.dram_init_banksize
                0x4a008e18       0x1c board/sunxi/sun50iw1p1/built-in.o
                0x4a008e18                dram_init_banksize
 .text.dram_init
                0x4a008e34       0x5c board/sunxi/sun50iw1p1/built-in.o
                0x4a008e34                dram_init
 .text.board_mmc_init
                0x4a008e90       0x14 board/sunxi/sun50iw1p1/built-in.o
                0x4a008e90                board_mmc_init
 .text.board_mmc_pre_init
                0x4a008ea4       0x14 board/sunxi/sun50iw1p1/built-in.o
                0x4a008ea4                board_mmc_pre_init
 .text.board_mmc_set_num
                0x4a008eb8        0x8 board/sunxi/sun50iw1p1/built-in.o
                0x4a008eb8                board_mmc_set_num
 .text.platform_axp_probe
                0x4a008ec0       0x7c board/sunxi/sun50iw1p1/built-in.o
                0x4a008ec0                platform_axp_probe
 .text.board_hardware_info
                0x4a008f3c        0xc board/sunxi/sun50iw1p1/built-in.o
                0x4a008f3c                board_hardware_info
 .text.__show_boot_progress
                0x4a008f48        0x4 common/built-in.o
                0x4a008f48                __show_boot_progress
                0x4a008f48                show_boot_progress
 .text.main_loop
                0x4a008f4c       0x20 common/built-in.o
                0x4a008f4c                main_loop
 .text.find_cmd_tbl
                0x4a008f6c       0x9c common/built-in.o
                0x4a008f6c                find_cmd_tbl
 .text.find_cmd
                0x4a009008       0x28 common/built-in.o
                0x4a009008                find_cmd
 .text.cmd_usage
                0x4a009030       0x5c common/built-in.o
                0x4a009030                cmd_usage
 .text._do_help
                0x4a00908c      0x188 common/built-in.o
                0x4a00908c                _do_help
 .text.var_complete
                0x4a009214       0x84 common/built-in.o
                0x4a009214                var_complete
 .text.cmd_auto_complete
                0x4a009298      0x480 common/built-in.o
                0x4a009298                cmd_auto_complete
 .text.cmd_get_data_size
                0x4a009718       0x50 common/built-in.o
                0x4a009718                cmd_get_data_size
 .text.cmd_process
                0x4a009768       0xec common/built-in.o
                0x4a009768                cmd_process
 .text.dummy    0x4a009854        0x4 common/built-in.o
 .text.get_version
                0x4a009858        0x8 common/built-in.o
                0x4a009858                get_version
 .text.jumptable_init
                0x4a009860      0x190 common/built-in.o
                0x4a009860                jumptable_init
 .text.hash_finish_crc32
                0x4a0099f0       0x30 common/built-in.o
 .text.hash_update_crc32
                0x4a009a20       0x24 common/built-in.o
 .text.hash_init_crc32
                0x4a009a44       0x24 common/built-in.o
 .text.hash_finish_sha256
                0x4a009a68       0x38 common/built-in.o
 .text.hash_update_sha256
                0x4a009aa0       0x1c common/built-in.o
 .text.hash_init_sha256
                0x4a009abc       0x24 common/built-in.o
 .text.hash_lookup_algo
                0x4a009ae0       0x58 common/built-in.o
                0x4a009ae0                hash_lookup_algo
 .text.hash_show
                0x4a009b38       0x58 common/built-in.o
                0x4a009b38                hash_show
 .text.hash_command
                0x4a009b90      0x170 common/built-in.o
                0x4a009b90                hash_command
 .text.b_reset  0x4a009d00       0x1c common/built-in.o
 .text.static_get
                0x4a009d1c       0x1c common/built-in.o
 .text.static_peek
                0x4a009d38        0xc common/built-in.o
 .text.file_peek
                0x4a009d44        0xc common/built-in.o
 .text.mapset   0x4a009d50       0x20 common/built-in.o
 .text.syntax_err
                0x4a009d70        0xc common/built-in.o
 .text.do_showvar
                0x4a009d7c       0xf0 common/built-in.o
 .text.free_pipe_list
                0x4a009e6c       0xe8 common/built-in.o
 .text.b_addchr
                0x4a009f54       0x78 common/built-in.o
 .text.b_addqchr
                0x4a009fcc       0x4c common/built-in.o
 .text.is_assignment.part.0
                0x4a00a018       0x30 common/built-in.o
 .text.xmalloc  0x4a00a048       0x20 common/built-in.o
 .text.new_pipe
                0x4a00a068       0x28 common/built-in.o
 .text.file_get
                0x4a00a090      0x1c4 common/built-in.o
 .text.xrealloc
                0x4a00a254       0x20 common/built-in.o
 .text.done_command
                0x4a00a274       0x8c common/built-in.o
 .text.done_pipe
                0x4a00a300       0x48 common/built-in.o
 .text.done_word
                0x4a00a348      0x2cc common/built-in.o
 .text.get_local_var
                0x4a00a614       0x94 common/built-in.o
                0x4a00a614                get_local_var
 .text.set_local_var
                0x4a00a6a8      0x1bc common/built-in.o
                0x4a00a6a8                set_local_var
 .text.insert_var_value_sub
                0x4a00a864      0x2c0 common/built-in.o
 .text.parse_string_outer
                0x4a00ab24       0xf0 common/built-in.o
                0x4a00ab24                parse_string_outer
 .text.run_list_real
                0x4a00ac14      0x87c common/built-in.o
 .text.parse_stream_outer
                0x4a00b490      0x6e8 common/built-in.o
 .text.parse_file_outer
                0x4a00bb78       0x44 common/built-in.o
                0x4a00bb78                parse_file_outer
 .text.u_boot_hush_start
                0x4a00bbbc       0x54 common/built-in.o
                0x4a00bbbc                u_boot_hush_start
 .text.run_command
                0x4a00bc10        0x8 common/built-in.o
                0x4a00bc10                run_command
 .text.run_command_list
                0x4a00bc18       0x5c common/built-in.o
                0x4a00bc18                run_command_list
 .text.do_run   0x4a00bc74       0x78 common/built-in.o
                0x4a00bc74                do_run
 .text.cli_loop
                0x4a00bcec        0xc common/built-in.o
                0x4a00bcec                cli_loop
 .text.cli_init
                0x4a00bcf8        0x4 common/built-in.o
                0x4a00bcf8                cli_init
 .text.delete_char.part.0
                0x4a00bcfc       0xd4 common/built-in.o
 .text.cread_add_char
                0x4a00bdd0       0xec common/built-in.o
 .text.cli_readline_into_buffer
                0x4a00bebc      0x9b0 common/built-in.o
                0x4a00bebc                cli_readline_into_buffer
 .text.cli_readline
                0x4a00c86c       0x14 common/built-in.o
                0x4a00c86c                cli_readline
 .text.common_diskboot
                0x4a00c880      0x2b4 common/built-in.o
                0x4a00c880                common_diskboot
 .text.bootdelay_process
                0x4a00cb34       0x48 common/built-in.o
                0x4a00cb34                bootdelay_process
 .text.autoboot_command
                0x4a00cb7c       0xd4 common/built-in.o
                0x4a00cb7c                autoboot_command
 .text.bootstage_relocate
                0x4a00cc50        0x8 common/built-in.o
 .text.initr_trace
                0x4a00cc58        0x8 common/built-in.o
 .text.initr_reloc_global_data
                0x4a00cc60       0x28 common/built-in.o
 .text.initr_announce
                0x4a00cc88        0x8 common/built-in.o
 .text.platform_dma_init
                0x4a00cc90        0x8 common/built-in.o
 .text.usb_net_init
                0x4a00cc98        0x8 common/built-in.o
 .text.show_platform_info
                0x4a00cca0        0x8 common/built-in.o
                0x4a00cca0                show_platform_info
 .text.run_main_loop
                0x4a00cca8       0x1c common/built-in.o
 .text.initr_sunxi_base
                0x4a00ccc4       0x10 common/built-in.o
 .text.initr_env
                0x4a00ccd4       0x54 common/built-in.o
 .text.sunxi_burn_key
                0x4a00cd28       0x20 common/built-in.o
 .text.initr_enable_interrupts
                0x4a00cd48       0x10 common/built-in.o
 .text.initr_jumptable
                0x4a00cd58       0x10 common/built-in.o
 .text.initr_malloc
                0x4a00cd68       0x30 common/built-in.o
 .text.initr_caches
                0x4a00cd98       0x10 common/built-in.o
 .text.initr_serial
                0x4a00cda8       0x10 common/built-in.o
 .text.initr_reloc
                0x4a00cdb8       0x28 common/built-in.o
 .text.power_init_board
                0x4a00cde0       0x10 common/built-in.o
                0x4a00cde0                power_init_board
 .text.sunxi_hdcp_keybox_install
                0x4a00cdf0        0x8 common/built-in.o
                0x4a00cdf0                sunxi_hdcp_keybox_install
 .text.sunxi_widevine_keybox_install
                0x4a00cdf8       0xe0 common/built-in.o
                0x4a00ce00                sunxi_widevine_keybox_install
 .text.sunxi_get_hdcp_cfg
                0x4a00ced8        0x8 common/built-in.o
                0x4a00ced8                sunxi_get_hdcp_cfg
 .text.sunxi_keymaster_keybox_install
                0x4a00cee0      0x11c common/built-in.o
                0x4a00cee8                sunxi_keymaster_keybox_install
 .text.initr_sunxi_flash
                0x4a00cffc       0x58 common/built-in.o
 .text.initr_sunxi_display
                0x4a00d054       0x70 common/built-in.o
                0x4a00d054                initr_sunxi_display
 .text.initr_multi_core
                0x4a00d0c4       0x44 common/built-in.o
 .text.intr_vector_fix
                0x4a00d108       0xa8 common/built-in.o
                0x4a00d108                intr_vector_fix
 .text.board_init_r
                0x4a00d1b0       0x1c common/built-in.o
                0x4a00d1b0                board_init_r
 .text.print_cpuinfo
                0x4a00d1cc        0x8 common/built-in.o
 .text.trace_early_init
                0x4a00d1d4        0x8 common/built-in.o
 .text.setup_mon_len
                0x4a00d1dc       0x24 common/built-in.o
 .text.arch_cpu_init
                0x4a00d200        0x8 common/built-in.o
                0x4a00d200                arch_cpu_init
 .text.reserve_debugbuffer
                0x4a00d208       0x14 common/built-in.o
 .text.reserve_logbuffer
                0x4a00d21c       0x14 common/built-in.o
 .text.reserve_round_4k
                0x4a00d230       0x18 common/built-in.o
 .text.reserve_mmu
                0x4a00d248       0x38 common/built-in.o
 .text.reserve_trace
                0x4a00d280        0x8 common/built-in.o
 .text.reserve_uboot
                0x4a00d288       0x30 common/built-in.o
 .text.reserve_malloc
                0x4a00d2b8       0x3c common/built-in.o
 .text.setup_machine
                0x4a00d2f4        0x8 common/built-in.o
 .text.reserve_global_data
                0x4a00d2fc       0x1c common/built-in.o
 .text.reserve_stacks
                0x4a00d318       0x88 common/built-in.o
 .text.display_new_sp
                0x4a00d3a0        0x8 common/built-in.o
 .text.setup_dram_config
                0x4a00d3a8       0x10 common/built-in.o
 .text.setup_reloc
                0x4a00d3b8       0x38 common/built-in.o
 .text.display_text_info
                0x4a00d3f0       0x20 common/built-in.o
 .text.reloc_sysconfig
                0x4a00d410       0x2c common/built-in.o
 .text.reloc_fdt
                0x4a00d43c       0x70 common/built-in.o
 .text.reserve_sysconfig
                0x4a00d4ac       0x4c common/built-in.o
 .text.reserve_fdt
                0x4a00d4f8       0x84 common/built-in.o
 .text.reserve_board
                0x4a00d57c       0x30 common/built-in.o
 .text.announce_dram_init
                0x4a00d5ac       0x18 common/built-in.o
 .text.init_func_pmubus
                0x4a00d5c4       0x38 common/built-in.o
 .text.mark_bootstage
                0x4a00d5fc       0x14 common/built-in.o
 .text.init_baud_rate
                0x4a00d610       0x2c common/built-in.o
 .text.setup_fdt
                0x4a00d63c       0x40 common/built-in.o
 .text.__coloured_LED_init
                0x4a00d67c        0x4 common/built-in.o
                0x4a00d67c                __coloured_LED_init
                0x4a00d67c                coloured_LED_init
 .text.__red_led_on
                0x4a00d680        0x4 common/built-in.o
                0x4a00d680                red_led_on
                0x4a00d680                __red_led_on
 .text.board_get_usable_ram_top
                0x4a00d684        0x8 common/built-in.o
                0x4a00d684                board_get_usable_ram_top
 .text.setup_dest_addr
                0x4a00d68c       0x40 common/built-in.o
 .text.board_init_f
                0x4a00d6cc       0x54 common/built-in.o
                0x4a00d6cc                board_init_f
 .text.do_go_exec
                0x4a00d720       0x18 common/built-in.o
                0x4a00d720                do_go_exec
 .text.do_go    0x4a00d738       0x6c common/built-in.o
                0x4a00d738                do_go
 .text.do_bootd
                0x4a00d7a4       0x20 common/built-in.o
                0x4a00d7a4                do_bootd
 .text.do_bootm
                0x4a00d7c4      0x104 common/built-in.o
                0x4a00d7c4                do_bootm
 .text.bootm_maybe_autostart
                0x4a00d8c8       0x74 common/built-in.o
                0x4a00d8c8                bootm_maybe_autostart
 .text.do_bootz
                0x4a00d93c       0xf8 common/built-in.o
                0x4a00d93c                do_bootz
 .text.bootm_find_ramdisk_fdt
                0x4a00da34       0x88 common/built-in.o
                0x4a00da34                bootm_find_ramdisk_fdt
 .text.bootm_disable_interrupts
                0x4a00dabc       0x18 common/built-in.o
                0x4a00dabc                bootm_disable_interrupts
 .text.do_bootm_states
                0x4a00dad4      0x9e0 common/built-in.o
                0x4a00dad4                do_bootm_states
 .text.copy_args
                0x4a00e4b4       0x4c common/built-in.o
 .text.do_bootm_rtems
                0x4a00e500       0x70 common/built-in.o
 .text.do_bootm_plan9
                0x4a00e570       0xd4 common/built-in.o
 .text.do_bootm_standalone
                0x4a00e644       0x64 common/built-in.o
 .text.do_bootm_qnxelf
                0x4a00e6a8       0x8c common/built-in.o
 .text.do_bootm_netbsd
                0x4a00e734      0x124 common/built-in.o
 .text.do_bootvx_fdt
                0x4a00e858      0x104 common/built-in.o
                0x4a00e858                do_bootvx_fdt
 .text.do_bootm_vxworks
                0x4a00e95c       0x54 common/built-in.o
 .text.__arch_preboot_os
                0x4a00e9b0        0x4 common/built-in.o
                0x4a00e9b0                arch_preboot_os
 .text.boot_selected_os
                0x4a00e9b4       0x58 common/built-in.o
                0x4a00e9b4                boot_selected_os
 .text.bootm_os_get_boot_func
                0x4a00ea0c       0x10 common/built-in.o
                0x4a00ea0c                bootm_os_get_boot_func
 .text.do_help  0x4a00ea1c       0x44 common/built-in.o
 .text.do_version
                0x4a00ea60       0x38 common/built-in.o
 .text.clean_timestamp_counter
                0x4a00ea98       0x10 common/built-in.o
                0x4a00ea98                clean_timestamp_counter
 .text.do_boota_linux
                0x4a00eaa8       0xbc common/built-in.o
                0x4a00eaa8                do_boota_linux
 .text.memcpy2  0x4a00eb64       0x54 common/built-in.o
                0x4a00eb64                memcpy2
 .text.update_bootargs
                0x4a00ebb8      0x1c0 common/built-in.o
                0x4a00ebb8                update_bootargs
 .text.do_boota
                0x4a00ed78      0x32c common/built-in.o
                0x4a00ed78                do_boota
 .text.get_partition_flash_info
                0x4a00f0a4       0x68 common/built-in.o
 .text.spinor_download_boot0
                0x4a00f10c        0x8 common/built-in.o
                0x4a00f10c                spinor_download_boot0
 .text.do_sunxi_flash
                0x4a00f114      0x5a4 common/built-in.o
                0x4a00f114                do_sunxi_flash
 .text.do_sprite_test
                0x4a00f6b8      0x104 common/built-in.o
                0x4a00f6b8                do_sprite_test
 .text.timer1_test_func
                0x4a00f7bc       0x30 common/built-in.o
 .text.timer0_test_func
                0x4a00f7ec       0x30 common/built-in.o
 .text.do_delay_test
                0x4a00f81c       0x50 common/built-in.o
                0x4a00f81c                do_delay_test
 .text.do_timer_test1
                0x4a00f86c       0x84 common/built-in.o
                0x4a00f86c                do_timer_test1
 .text.do_timer_test
                0x4a00f8f0       0x84 common/built-in.o
                0x4a00f8f0                do_timer_test
 .text.do_efex  0x4a00f974       0x1c common/built-in.o
                0x4a00f974                do_efex
 .text.do_shutdown
                0x4a00f990        0x4 common/built-in.o
                0x4a00f990                do_shutdown
 .text.memtester_pagesize
                0x4a00f994       0x18 common/built-in.o
                0x4a00f994                memtester_pagesize
 .text.usage    0x4a00f9ac       0x10 common/built-in.o
                0x4a00f9ac                usage
 .text.do_memtester
                0x4a00f9bc      0x310 common/built-in.o
 .text.do_sunxi_bmp_info
                0x4a00fccc      0x198 common/built-in.o
 .text.sunxi_bmp_show
                0x4a00fe64       0x40 common/built-in.o
 .text.sunxi_bmp_dipslay_screen
                0x4a00fea4       0x14 common/built-in.o
                0x4a00fea4                sunxi_bmp_dipslay_screen
 .text.sunxi_bmp_decode
                0x4a00feb8      0x298 common/built-in.o
                0x4a00feb8                sunxi_bmp_decode
 .text.do_sunxi_bmp_display
                0x4a010150      0x190 common/built-in.o
 .text.sunxi_bmp_display_mem
                0x4a0102e0       0x3c common/built-in.o
                0x4a0102e0                sunxi_bmp_display_mem
 .text.sunxi_bmp_display
                0x4a01031c       0xfc common/built-in.o
                0x4a01031c                sunxi_bmp_display
 .text.do_sunxi_logo
                0x4a010418        0xc common/built-in.o
                0x4a010418                do_sunxi_logo
 .text.do_read_from_boot
                0x4a010424       0xc0 common/built-in.o
                0x4a010424                do_read_from_boot
 .text.do_burn_from_boot
                0x4a0104e4      0x194 common/built-in.o
                0x4a0104e4                do_burn_from_boot
 .text.reverse_strstr.part.0
                0x4a010678       0x50 common/built-in.o
 .text.env_attr_walk
                0x4a0106c8      0x10c common/built-in.o
                0x4a0106c8                env_attr_walk
 .text.env_attr_lookup
                0x4a0107d4      0x144 common/built-in.o
                0x4a0107d4                env_attr_lookup
 .text.clear_callback
                0x4a010918       0x10 common/built-in.o
 .text.on_callbacks
                0x4a010928       0x48 common/built-in.o
 .text.find_env_callback
                0x4a010970       0x64 common/built-in.o
 .text.set_callback
                0x4a0109d4       0x94 common/built-in.o
 .text.env_callback_init
                0x4a010a68       0xc0 common/built-in.o
                0x4a010a68                env_callback_init
 .text.clear_flags
                0x4a010b28       0x10 common/built-in.o
 .text.on_flags
                0x4a010b38       0x48 common/built-in.o
 .text.skip_num.constprop.0
                0x4a010b80       0x70 common/built-in.o
 .text.env_flags_parse_vartype
                0x4a010bf0       0x4c common/built-in.o
                0x4a010bf0                env_flags_parse_vartype
 .text.env_flags_parse_varaccess
                0x4a010c3c       0x54 common/built-in.o
                0x4a010c3c                env_flags_parse_varaccess
 .text.set_flags
                0x4a010c90       0xac common/built-in.o
 .text.env_flags_init
                0x4a010d3c       0xd0 common/built-in.o
                0x4a010d3c                env_flags_init
 .text.env_flags_validate
                0x4a010e0c      0x214 common/built-in.o
                0x4a010e0c                env_flags_validate
 .text.flash_env_relocate_spec
                0x4a011020       0xec common/built-in.o
 .text.env_get_char_spec
                0x4a01110c        0xc common/built-in.o
                0x4a01110c                env_get_char_spec
 .text.env_init
                0x4a011118       0x1c common/built-in.o
                0x4a011118                env_init
 .text.saveenv  0x4a011134       0x80 common/built-in.o
                0x4a011134                saveenv
 .text.env_relocate_spec
                0x4a0111b4       0x10 common/built-in.o
                0x4a0111b4                env_relocate_spec
 .text.load_elf_image_shdr
                0x4a0111c4       0x90 common/built-in.o
 .text.do_bootelf_exec
                0x4a011254       0x44 common/built-in.o
                0x4a011254                do_bootelf_exec
 .text.valid_elf_image
                0x4a011298       0x4c common/built-in.o
                0x4a011298                valid_elf_image
 .text.do_bootvx
                0x4a0112e4      0x254 common/built-in.o
                0x4a0112e4                do_bootvx
 .text.do_bootelf
                0x4a011538      0x154 common/built-in.o
                0x4a011538                do_bootelf
 .text.do_exit  0x4a01168c       0x30 common/built-in.o
 .text.do_fat_ls
                0x4a0116bc       0x14 common/built-in.o
 .text.do_fat_fsload
                0x4a0116d0       0x14 common/built-in.o
                0x4a0116d0                do_fat_fsload
 .text.do_fat_fsinfo
                0x4a0116e4       0x90 common/built-in.o
 .text.get_cells_len
                0x4a011774       0x3c common/built-in.o
 .text.fdt_find_or_add_subnode.constprop.6
                0x4a0117b0       0x6c common/built-in.o
 .text.set_working_fdt_addr
                0x4a01181c       0x1c common/built-in.o
                0x4a01181c                set_working_fdt_addr
 .text.fdt_getprop_u32
                0x4a011838       0xb4 common/built-in.o
                0x4a011838                fdt_getprop_u32
 .text.fdt_getprop_u64
                0x4a0118ec       0xa4 common/built-in.o
                0x4a0118ec                fdt_getprop_u64
 .text.fdt_getprop_string
                0x4a011990       0x64 common/built-in.o
                0x4a011990                fdt_getprop_string
 .text.fdt_find_and_setprop
                0x4a0119f4       0x70 common/built-in.o
                0x4a0119f4                fdt_find_and_setprop
 .text.fdt_initrd
                0x4a011a64      0x1e4 common/built-in.o
                0x4a011a64                fdt_initrd
 .text.fdt_chosen
                0x4a011c48       0xa0 common/built-in.o
                0x4a011c48                fdt_chosen
 .text.do_fixup_by_path
                0x4a011ce8       0x54 common/built-in.o
                0x4a011ce8                do_fixup_by_path
 .text.fdt_fixup_memory_banks
                0x4a011d3c      0x1cc common/built-in.o
                0x4a011d3c                fdt_fixup_memory_banks
 .text.fdt_fixup_memory
                0x4a011f08       0x20 common/built-in.o
                0x4a011f08                fdt_fixup_memory
 .text.fdt_fixup_ethernet
                0x4a011f28      0x158 common/built-in.o
                0x4a011f28                fdt_fixup_ethernet
 .text.fdt_resize
                0x4a012080       0xd0 common/built-in.o
                0x4a012080                fdt_resize
 .text.fdt_set_node_status
                0x4a012150      0x10c common/built-in.o
                0x4a012150                fdt_set_node_status
 .text.do_fdt_test
                0x4a01225c      0x390 common/built-in.o
 .text.fdt_valid
                0x4a0125ec       0xc4 common/built-in.o
 .text.is_printable_string
                0x4a0126b0       0x98 common/built-in.o
 .text.print_data
                0x4a012748      0x174 common/built-in.o
 .text.save_fdt_to_flash
                0x4a0128bc       0x38 common/built-in.o
                0x4a0128bc                save_fdt_to_flash
 .text.do_fdt   0x4a0128f4      0xf5c common/built-in.o
 .text.do_interrupts
                0x4a013850       0x44 common/built-in.o
 .text.do_mem_loop
                0x4a013894      0x104 common/built-in.o
 .text.do_mem_mw
                0x4a013998       0xb8 common/built-in.o
 .text.do_mem_base
                0x4a013a50       0x40 common/built-in.o
 .text.do_mem_cmp
                0x4a013a90      0x160 common/built-in.o
 .text.do_mem_crc
                0x4a013bf0       0x44 common/built-in.o
 .text.do_mem_cp
                0x4a013c34       0xdc common/built-in.o
 .text.do_mem_md
                0x4a013d10       0xe4 common/built-in.o
 .text.mod_mem.isra.2
                0x4a013df4      0x15c common/built-in.o
 .text.do_mem_nm
                0x4a013f50        0x8 common/built-in.o
 .text.do_mem_mm
                0x4a013f58        0x8 common/built-in.o
 .text.do_mmcops
                0x4a013f60       0xb8 common/built-in.o
 .text.do_mmc_list
                0x4a014018       0x14 common/built-in.o
 .text.init_mmc_device
                0x4a01402c       0x50 common/built-in.o
 .text.do_mmc_rescan
                0x4a01407c       0x24 common/built-in.o
 .text.do_mmcinfo
                0x4a0140a0      0x16c common/built-in.o
 .text.do_mmc_dev
                0x4a01420c       0xec common/built-in.o
 .text.do_mmc_part
                0x4a0142f8       0x64 common/built-in.o
 .text.do_mmc_erase
                0x4a01435c       0xec common/built-in.o
 .text.do_mmc_write
                0x4a014448      0x104 common/built-in.o
 .text.do_mmc_read
                0x4a01454c       0xe8 common/built-in.o
 .text.do_mmc_setdsr
                0x4a014634       0xa8 common/built-in.o
 .text.do_card0_probe
                0x4a0146dc       0x8c common/built-in.o
                0x4a0146dc                do_card0_probe
 .text.do_false
                0x4a014768        0x8 common/built-in.o
 .text.do_true  0x4a014770        0x8 common/built-in.o
 .text.do_test  0x4a014778      0x330 common/built-in.o
 .text.sunxi_certif_pubkey_check
                0x4a014aa8       0xd4 common/built-in.o
 .text.sunxi_verify_signature
                0x4a014b7c      0x184 common/built-in.o
                0x4a014b7c                sunxi_verify_signature
 .text.sunxi_verify_embed_signature
                0x4a014d00      0x2b0 common/built-in.o
                0x4a014d00                sunxi_verify_embed_signature
 .text.sunxi_verify_rotpk_hash
                0x4a014fb0      0x180 common/built-in.o
                0x4a014fb0                sunxi_verify_rotpk_hash
 .text.do_rotpk_test
                0x4a015130       0x2c common/built-in.o
                0x4a015130                do_rotpk_test
 .text.do_lzmadec
                0x4a01515c       0xa0 common/built-in.o
 .text.usb_get_class_desc
                0x4a0151fc       0xac common/built-in.o
 .text.do_usbboot
                0x4a0152a8        0xc common/built-in.o
 .text.usb_display_class_sub
                0x4a0152b4      0x174 common/built-in.o
 .text.usb_find_device
                0x4a015428       0x3c common/built-in.o
 .text.usb_show_tree_graph
                0x4a015464      0x218 common/built-in.o
 .text.usb_display_string
                0x4a01567c       0x44 common/built-in.o
 .text.usb_display_config
                0x4a0156c0      0x220 common/built-in.o
 .text.usb_display_desc.part.1
                0x4a0158e0      0x11c common/built-in.o
 .text.do_usb   0x4a0159fc      0x764 common/built-in.o
 .text.usb_set_maxpacket_ep
                0x4a016160       0x6c common/built-in.o
 .text.usb_stop
                0x4a0161cc       0x78 common/built-in.o
                0x4a0161cc                usb_stop
 .text.usb_disable_asynch
                0x4a016244       0x20 common/built-in.o
                0x4a016244                usb_disable_asynch
 .text.usb_control_msg
                0x4a016264       0xc0 common/built-in.o
                0x4a016264                usb_control_msg
 .text.usb_get_descriptor
                0x4a016324       0x50 common/built-in.o
 .text.usb_get_string
                0x4a016374       0x68 common/built-in.o
 .text.usb_string_sub
                0x4a0163dc      0x104 common/built-in.o
 .text.usb_bulk_msg
                0x4a0164e0       0x74 common/built-in.o
                0x4a0164e0                usb_bulk_msg
 .text.usb_maxpacket
                0x4a016554       0x1c common/built-in.o
                0x4a016554                usb_maxpacket
 .text.usb_clear_halt
                0x4a016570       0xa0 common/built-in.o
                0x4a016570                usb_clear_halt
 .text.usb_get_configuration_no
                0x4a016610       0xb8 common/built-in.o
                0x4a016610                usb_get_configuration_no
 .text.usb_set_interface
                0x4a0166c8       0xb4 common/built-in.o
                0x4a0166c8                usb_set_interface
 .text.usb_string
                0x4a01677c      0x100 common/built-in.o
                0x4a01677c                usb_string
 .text.usb_get_dev_index
                0x4a01687c       0x24 common/built-in.o
                0x4a01687c                usb_get_dev_index
 .text.usb_alloc_new_device
                0x4a0168a0       0x84 common/built-in.o
                0x4a0168a0                usb_alloc_new_device
 .text.usb_free_device
                0x4a016924       0x48 common/built-in.o
                0x4a016924                usb_free_device
 .text.usb_alloc_device
                0x4a01696c        0x8 common/built-in.o
                0x4a01696c                usb_alloc_device
 .text.usb_new_device
                0x4a016974      0x608 common/built-in.o
                0x4a016974                usb_new_device
 .text.usb_init
                0x4a016f7c      0x13c common/built-in.o
                0x4a016f7c                usb_init
 .text.usb_get_hub_descriptor
                0x4a0170b8       0x50 common/built-in.o
 .text.usb_get_port_status
                0x4a017108       0x4c common/built-in.o
 .text.usb_set_port_feature
                0x4a017154       0x4c common/built-in.o
 .text.usb_clear_port_feature
                0x4a0171a0       0x4c common/built-in.o
 .text.usb_hub_power_on
                0x4a0171ec       0xac common/built-in.o
 .text.usb_hub_reset_devices
                0x4a017298        0x4 common/built-in.o
                0x4a017298                usb_hub_reset_devices
 .text.usb_hub_reset
                0x4a01729c       0x14 common/built-in.o
                0x4a01729c                usb_hub_reset
 .text.hub_port_reset
                0x4a0172b0       0xac common/built-in.o
                0x4a0172b0                hub_port_reset
 .text.usb_hub_port_connect_change
                0x4a01735c      0x124 common/built-in.o
                0x4a01735c                usb_hub_port_connect_change
 .text.usb_hub_configure
                0x4a017480      0x2dc common/built-in.o
 .text.usb_hub_probe
                0x4a01775c       0x58 common/built-in.o
                0x4a01775c                usb_hub_probe
 .text.usb_stor_irq
                0x4a0177b4       0x1c common/built-in.o
 .text.usb_request_sense
                0x4a0177d0       0x68 common/built-in.o
 .text.usb_stor_BBB_clear_endpt_stall
                0x4a017838       0x44 common/built-in.o
 .text.usb_stor_BBB_reset
                0x4a01787c       0xd0 common/built-in.o
 .text.usb_stor_CB_reset
                0x4a01794c       0xcc common/built-in.o
 .text.usb_stor_BBB_transport
                0x4a017a18      0x264 common/built-in.o
 .text.usb_stor_CB_comdat
                0x4a017c7c      0x220 common/built-in.o
 .text.usb_stor_CBI_get_status.isra.0
                0x4a017e9c       0xc8 common/built-in.o
 .text.usb_stor_CB_transport
                0x4a017f64      0x208 common/built-in.o
 .text.usb_stor_write
                0x4a01816c      0x1b0 common/built-in.o
                0x4a01816c                usb_stor_write
 .text.usb_stor_read
                0x4a01831c      0x1b0 common/built-in.o
                0x4a01831c                usb_stor_read
 .text.usb_stor_get_dev
                0x4a0184cc       0x28 common/built-in.o
                0x4a0184cc                usb_stor_get_dev
 .text.usb_stor_info
                0x4a0184f4       0x74 common/built-in.o
                0x4a0184f4                usb_stor_info
 .text.usb_storage_probe
                0x4a018568      0x218 common/built-in.o
                0x4a018568                usb_storage_probe
 .text.usb_stor_get_info
                0x4a018780      0x324 common/built-in.o
                0x4a018780                usb_stor_get_info
 .text.usb_stor_scan
                0x4a018aa4      0x1ec common/built-in.o
                0x4a018aa4                usb_stor_scan
 .text.do_fastboot
                0x4a018c90       0x38 common/built-in.o
 .text.do_env_delete
                0x4a018cc8       0xa8 common/built-in.o
 .text.env_print
                0x4a018d70       0xc8 common/built-in.o
 .text.do_env_print
                0x4a018e38       0xc4 common/built-in.o
 .text.do_env   0x4a018efc       0x60 common/built-in.o
 .text.do_env_import
                0x4a018f5c      0x270 common/built-in.o
 .text.do_env_default
                0x4a0191cc       0xb4 common/built-in.o
 .text.do_env_save
                0x4a019280       0x2c common/built-in.o
 .text._do_env_set.isra.1
                0x4a0192ac      0x1d8 common/built-in.o
 .text.do_env_set
                0x4a019484       0x1c common/built-in.o
 .text.setenv   0x4a0194a0       0x58 common/built-in.o
                0x4a0194a0                setenv
 .text.setenv_ulong
                0x4a0194f8       0x20 common/built-in.o
                0x4a0194f8                setenv_ulong
 .text.setenv_hex
                0x4a019518       0x34 common/built-in.o
                0x4a019518                setenv_hex
 .text.do_env_export
                0x4a01954c      0x26c common/built-in.o
 .text.envmatch
                0x4a0197b8       0x6c common/built-in.o
                0x4a0197b8                envmatch
 .text.getenv_f
                0x4a019824       0xbc common/built-in.o
                0x4a019824                getenv_f
 .text.getenv   0x4a0198e0       0x78 common/built-in.o
                0x4a0198e0                getenv
 .text.getenv_ulong
                0x4a019958       0x30 common/built-in.o
                0x4a019958                getenv_ulong
 .text.getenv_hex
                0x4a019988       0x34 common/built-in.o
                0x4a019988                getenv_hex
 .text.env_get_addr
                0x4a0199bc       0x24 common/built-in.o
                0x4a0199bc                env_get_addr
 .text.env_get_char_memory
                0x4a0199e0       0x10 common/built-in.o
                0x4a0199e0                env_get_char_memory
 .text.env_get_char
                0x4a0199f0       0x30 common/built-in.o
                0x4a0199f0                env_get_char
 .text.getenv_yesno
                0x4a019a20       0x54 common/built-in.o
                0x4a019a20                getenv_yesno
 .text.getenv_default
                0x4a019a74       0x30 common/built-in.o
                0x4a019a74                getenv_default
 .text.set_default_env
                0x4a019aa4       0xb8 common/built-in.o
                0x4a019aa4                set_default_env
 .text.set_default_vars
                0x4a019b5c       0x34 common/built-in.o
                0x4a019b5c                set_default_vars
 .text.env_import
                0x4a019b90       0xdc common/built-in.o
                0x4a019b90                env_import
 .text.env_export
                0x4a019c6c       0xa4 common/built-in.o
                0x4a019c6c                env_export
 .text.env_relocate
                0x4a019d10       0x30 common/built-in.o
                0x4a019d10                env_relocate
 .text.env_complete
                0x4a019d40       0xe4 common/built-in.o
                0x4a019d40                env_complete
 .text.console_setfile
                0x4a019e24       0xa4 common/built-in.o
 .text.fgetc    0x4a019ec8       0x2c common/built-in.o
                0x4a019ec8                fgetc
 .text.ftstc    0x4a019ef4       0x2c common/built-in.o
                0x4a019ef4                ftstc
 .text.fputc    0x4a019f20       0x28 common/built-in.o
                0x4a019f20                fputc
 .text.fputs    0x4a019f48       0x28 common/built-in.o
                0x4a019f48                fputs
 .text.fprintf  0x4a019f70       0x48 common/built-in.o
                0x4a019f70                fprintf
 .text.getc     0x4a019fb8       0x24 common/built-in.o
                0x4a019fb8                getc
 .text.tstc     0x4a019fdc       0x24 common/built-in.o
                0x4a019fdc                tstc
 .text.putc     0x4a01a000       0x28 common/built-in.o
                0x4a01a000                putc
 .text.mode_is_svc
                0x4a01a028       0x18 common/built-in.o
                0x4a01a028                mode_is_svc
 .text.puts     0x4a01a040       0x88 common/built-in.o
                0x4a01a040                puts
 .text.printf   0x4a01a0c8       0xe4 common/built-in.o
                0x4a01a0c8                printf
 .text.uprintf  0x4a01a1ac       0xf8 common/built-in.o
                0x4a01a1ac                uprintf
 .text.tick_printf
                0x4a01a2a4       0x9c common/built-in.o
                0x4a01a2a4                tick_printf
 .text.vprintf  0x4a01a340       0x40 common/built-in.o
                0x4a01a340                vprintf
 .text.ctrlc    0x4a01a380       0x54 common/built-in.o
                0x4a01a380                ctrlc
 .text.had_ctrlc
                0x4a01a3d4       0x10 common/built-in.o
                0x4a01a3d4                had_ctrlc
 .text.clear_ctrlc
                0x4a01a3e4       0x14 common/built-in.o
                0x4a01a3e4                clear_ctrlc
 .text.search_device
                0x4a01a3f8       0x28 common/built-in.o
                0x4a01a3f8                search_device
 .text.console_assign
                0x4a01a420       0x40 common/built-in.o
                0x4a01a420                console_assign
 .text.on_console
                0x4a01a460       0xc4 common/built-in.o
 .text.console_init_f
                0x4a01a524       0xc0 common/built-in.o
                0x4a01a524                console_init_f
 .text.stdio_print_current_devices
                0x4a01a5e4       0x58 common/built-in.o
                0x4a01a5e4                stdio_print_current_devices
 .text.console_init_r
                0x4a01a63c       0xe0 common/built-in.o
                0x4a01a63c                console_init_r
 .text.sbrk     0x4a01a71c       0x6c common/built-in.o
                0x4a01a71c                sbrk
 .text.mem_malloc_init
                0x4a01a788       0x34 common/built-in.o
                0x4a01a788                mem_malloc_init
 .text.malloc_trim
                0x4a01a7bc       0xd8 common/built-in.o
                0x4a01a7bc                malloc_trim
 .text.free     0x4a01a894      0x268 common/built-in.o
                0x4a01a894                free
 .text.malloc   0x4a01aafc      0x650 common/built-in.o
                0x4a01aafc                malloc
 .text.calloc   0x4a01b14c       0xd4 common/built-in.o
                0x4a01b14c                calloc
 .text.memalign
                0x4a01b220      0x110 common/built-in.o
                0x4a01b220                memalign
 .text.realloc  0x4a01b330      0x408 common/built-in.o
                0x4a01b330                realloc
 .text.on_loadaddr
                0x4a01b738       0x38 common/built-in.o
 .text.image_check_hcrc
                0x4a01b770       0x4c common/built-in.o
                0x4a01b770                image_check_hcrc
 .text.image_check_dcrc
                0x4a01b7bc       0x38 common/built-in.o
                0x4a01b7bc                image_check_dcrc
 .text.image_multi_count
                0x4a01b7f4       0x24 common/built-in.o
                0x4a01b7f4                image_multi_count
 .text.image_multi_getimg
                0x4a01b818       0x7c common/built-in.o
                0x4a01b818                image_multi_getimg
 .text.getenv_bootm_low
                0x4a01b894       0x30 common/built-in.o
                0x4a01b894                getenv_bootm_low
 .text.getenv_bootm_size
                0x4a01b8c4       0x5c common/built-in.o
                0x4a01b8c4                getenv_bootm_size
 .text.getenv_bootm_mapsize
                0x4a01b920       0x30 common/built-in.o
                0x4a01b920                getenv_bootm_mapsize
 .text.memmove_wd
                0x4a01b950        0xc common/built-in.o
                0x4a01b950                memmove_wd
 .text.genimg_print_size
                0x4a01b95c       0x30 common/built-in.o
                0x4a01b95c                genimg_print_size
 .text.get_table_entry_name
                0x4a01b98c       0x2c common/built-in.o
                0x4a01b98c                get_table_entry_name
 .text.genimg_get_os_name
                0x4a01b9b8       0x18 common/built-in.o
                0x4a01b9b8                genimg_get_os_name
 .text.genimg_get_arch_name
                0x4a01b9d0       0x18 common/built-in.o
                0x4a01b9d0                genimg_get_arch_name
 .text.genimg_get_type_name
                0x4a01b9e8       0x18 common/built-in.o
                0x4a01b9e8                genimg_get_type_name
 .text.genimg_get_comp_name
                0x4a01ba00       0x18 common/built-in.o
                0x4a01ba00                genimg_get_comp_name
 .text.image_print_contents
                0x4a01ba18      0x170 common/built-in.o
                0x4a01ba18                image_print_contents
 .text.get_table_entry_id
                0x4a01bb88       0x4c common/built-in.o
                0x4a01bb88                get_table_entry_id
 .text.genimg_get_os_id
                0x4a01bbd4       0x18 common/built-in.o
                0x4a01bbd4                genimg_get_os_id
 .text.genimg_get_arch_id
                0x4a01bbec       0x18 common/built-in.o
                0x4a01bbec                genimg_get_arch_id
 .text.genimg_get_type_id
                0x4a01bc04       0x18 common/built-in.o
                0x4a01bc04                genimg_get_type_id
 .text.genimg_get_comp_id
                0x4a01bc1c       0x18 common/built-in.o
                0x4a01bc1c                genimg_get_comp_id
 .text.genimg_get_format
                0x4a01bc34       0x50 common/built-in.o
                0x4a01bc34                genimg_get_format
 .text.genimg_get_image
                0x4a01bc84        0x4 common/built-in.o
                0x4a01bc84                genimg_get_image
 .text.boot_get_ramdisk
                0x4a01bc88      0x378 common/built-in.o
                0x4a01bc88                boot_get_ramdisk
 .text.boot_ramdisk_high
                0x4a01c000      0x120 common/built-in.o
                0x4a01c000                boot_ramdisk_high
 .text.boot_get_cmdline
                0x4a01c120       0x80 common/built-in.o
                0x4a01c120                boot_get_cmdline
 .text.image_setup_linux
                0x4a01c1a0       0xb4 common/built-in.o
                0x4a01c1a0                image_setup_linux
 .text.android_image_get_kernel
                0x4a01c254      0x1a4 common/built-in.o
                0x4a01c254                android_image_get_kernel
 .text.android_image_check_header
                0x4a01c3f8       0x14 common/built-in.o
                0x4a01c3f8                android_image_check_header
 .text.android_image_get_end
                0x4a01c40c       0x48 common/built-in.o
                0x4a01c40c                android_image_get_end
 .text.android_image_get_kload
                0x4a01c454        0x8 common/built-in.o
                0x4a01c454                android_image_get_kload
 .text.android_image_get_ramdisk
                0x4a01c45c       0x48 common/built-in.o
                0x4a01c45c                android_image_get_ramdisk
 .text.fdt_error
                0x4a01c4a4       0x2c common/built-in.o
 .text.boot_fdt_add_mem_rsv_regions
                0x4a01c4d0       0x88 common/built-in.o
                0x4a01c4d0                boot_fdt_add_mem_rsv_regions
 .text.boot_relocate_fdt
                0x4a01c558      0x19c common/built-in.o
                0x4a01c558                boot_relocate_fdt
 .text.ft_verify_fdt
                0x4a01c6f4        0x8 common/built-in.o
                0x4a01c6f4                ft_verify_fdt
 .text.image_setup_libfdt
                0x4a01c6fc       0xcc common/built-in.o
                0x4a01c6fc                image_setup_libfdt
 .text.fit_parse_conf
                0x4a01c7c8       0x64 common/built-in.o
                0x4a01c7c8                fit_parse_conf
 .text.fit_parse_subimage
                0x4a01c82c       0x64 common/built-in.o
                0x4a01c82c                fit_parse_subimage
 .text.fit_get_desc
                0x4a01c890       0x2c common/built-in.o
                0x4a01c890                fit_get_desc
 .text.fit_image_get_node
                0x4a01c8bc       0x30 common/built-in.o
                0x4a01c8bc                fit_image_get_node
 .text.fit_image_get_os
                0x4a01c8ec       0x38 common/built-in.o
                0x4a01c8ec                fit_image_get_os
 .text.fit_image_get_arch
                0x4a01c924       0x38 common/built-in.o
                0x4a01c924                fit_image_get_arch
 .text.fit_image_get_type
                0x4a01c95c       0x38 common/built-in.o
                0x4a01c95c                fit_image_get_type
 .text.fit_image_get_comp
                0x4a01c994       0x38 common/built-in.o
                0x4a01c994                fit_image_get_comp
 .text.fit_image_get_load
                0x4a01c9cc       0x34 common/built-in.o
                0x4a01c9cc                fit_image_get_load
 .text.fit_image_get_entry
                0x4a01ca00       0x34 common/built-in.o
                0x4a01ca00                fit_image_get_entry
 .text.fit_image_get_data
                0x4a01ca34       0x3c common/built-in.o
                0x4a01ca34                fit_image_get_data
 .text.fit_image_hash_get_algo
                0x4a01ca70       0x2c common/built-in.o
                0x4a01ca70                fit_image_hash_get_algo
 .text.fit_image_hash_get_value
                0x4a01ca9c       0x3c common/built-in.o
                0x4a01ca9c                fit_image_hash_get_value
 .text.fit_image_print_data
                0x4a01cad8      0x140 common/built-in.o
 .text.fit_image_print
                0x4a01cc18      0x32c common/built-in.o
                0x4a01cc18                fit_image_print
 .text.calculate_hash
                0x4a01cf44      0x100 common/built-in.o
                0x4a01cf44                calculate_hash
 .text.fit_image_verify
                0x4a01d044      0x21c common/built-in.o
                0x4a01d044                fit_image_verify
 .text.fit_image_check_os
                0x4a01d260       0x30 common/built-in.o
                0x4a01d260                fit_image_check_os
 .text.fit_image_check_arch
                0x4a01d290       0x30 common/built-in.o
                0x4a01d290                fit_image_check_arch
 .text.fit_image_check_type
                0x4a01d2c0       0x30 common/built-in.o
                0x4a01d2c0                fit_image_check_type
 .text.fit_image_check_comp
                0x4a01d2f0       0x30 common/built-in.o
                0x4a01d2f0                fit_image_check_comp
 .text.fit_conf_get_node
                0x4a01d320       0x68 common/built-in.o
                0x4a01d320                fit_conf_get_node
 .text.fit_conf_get_prop_node
                0x4a01d388       0x28 common/built-in.o
                0x4a01d388                fit_conf_get_prop_node
 .text.fit_conf_print
                0x4a01d3b0      0x104 common/built-in.o
                0x4a01d3b0                fit_conf_print
 .text.fit_print_contents
                0x4a01d4b4      0x1e0 common/built-in.o
                0x4a01d4b4                fit_print_contents
 .text.fit_check_format
                0x4a01d694       0x74 common/built-in.o
                0x4a01d694                fit_check_format
 .text.fit_image_select
                0x4a01d708       0x74 common/built-in.o
                0x4a01d708                fit_image_select
 .text.fit_get_node_from_config
                0x4a01d77c       0x44 common/built-in.o
                0x4a01d77c                fit_get_node_from_config
 .text.fit_image_load
                0x4a01d7c0      0x494 common/built-in.o
                0x4a01d7c0                fit_image_load
 .text.get_ram_size
                0x4a01dc54      0x108 common/built-in.o
                0x4a01dc54                get_ram_size
 .text.get_effective_memsize
                0x4a01dd5c        0x8 common/built-in.o
                0x4a01dd5c                get_effective_memsize
 .text.stdio_get_list
                0x4a01dd64        0xc common/built-in.o
                0x4a01dd64                stdio_get_list
 .text.stdio_get_by_name
                0x4a01dd70       0x54 common/built-in.o
                0x4a01dd70                stdio_get_by_name
 .text.stdio_clone
                0x4a01ddc4       0x38 common/built-in.o
                0x4a01ddc4                stdio_clone
 .text.stdio_register
                0x4a01ddfc       0x44 common/built-in.o
                0x4a01ddfc                stdio_register
 .text.stdio_init
                0x4a01de40       0x8c common/built-in.o
                0x4a01de40                stdio_init
 .text.mem_noncache_malloc_init
                0x4a01decc       0x30 common/built-in.o
                0x4a01decc                mem_noncache_malloc_init
 .text.malloc_noncache
                0x4a01defc       0x7c common/built-in.o
                0x4a01defc                malloc_noncache
 .text.do_sunxi_aes
                0x4a01df78      0x1c4 common/built-in.o
                0x4a01df78                do_sunxi_aes
 .text.do_sunxi_smc
                0x4a01e13c      0x140 common/built-in.o
                0x4a01e13c                do_sunxi_smc
 .text.do_probe_secure_storage
                0x4a01e27c      0x25c common/built-in.o
                0x4a01e27c                do_probe_secure_storage
 .text.check_user_data
                0x4a01e4d8      0x1b4 common/built-in.o
                0x4a01e4d8                check_user_data
 .text.update_user_data
                0x4a01e68c       0xe0 common/built-in.o
                0x4a01e68c                update_user_data
 .text.print_part_header
                0x4a01e76c       0xd4 disk/built-in.o
 .text.get_dev_hwpart
                0x4a01e840       0xb4 disk/built-in.o
                0x4a01e840                get_dev_hwpart
 .text.dev_print
                0x4a01e8f4      0x218 disk/built-in.o
                0x4a01e8f4                dev_print
 .text.init_part
                0x4a01eb0c       0x34 disk/built-in.o
                0x4a01eb0c                init_part
 .text.print_part
                0x4a01eb40       0x68 disk/built-in.o
                0x4a01eb40                print_part
 .text.get_partition_info
                0x4a01eba8       0x3c disk/built-in.o
                0x4a01eba8                get_partition_info
 .text.get_device
                0x4a01ebe4      0x110 disk/built-in.o
                0x4a01ebe4                get_device
 .text.get_device_and_partition
                0x4a01ecf4      0x424 disk/built-in.o
                0x4a01ecf4                get_device_and_partition
 .text.test_block_type
                0x4a01f118       0x88 disk/built-in.o
 .text.print_partition_extended
                0x4a01f1a0      0x250 disk/built-in.o
 .text.get_partition_info_extended.constprop.1
                0x4a01f3f0      0x2ec disk/built-in.o
 .text.test_part_dos
                0x4a01f6dc       0x60 disk/built-in.o
                0x4a01f6dc                test_part_dos
 .text.print_part_dos
                0x4a01f73c       0x30 disk/built-in.o
                0x4a01f73c                print_part_dos
 .text.get_partition_info_dos
                0x4a01f76c       0x1c disk/built-in.o
                0x4a01f76c                get_partition_info_dos
 .text.print_efiname
                0x4a01f788       0x58 disk/built-in.o
 .text.is_gpt_valid
                0x4a01f7e0      0x424 disk/built-in.o
 .text.is_pte_valid
                0x4a01fc04       0x58 disk/built-in.o
 .text.print_part_efi
                0x4a01fc5c      0x274 disk/built-in.o
                0x4a01fc5c                print_part_efi
 .text.get_partition_info_efi
                0x4a01fed0      0x1f4 disk/built-in.o
                0x4a01fed0                get_partition_info_efi
 .text.test_part_efi
                0x4a0200c4       0xe0 disk/built-in.o
                0x4a0200c4                test_part_efi
 .text.drv_lcd_open_callback
                0x4a0201a4       0xcc drivers/built-in.o
 .text.disp_blank
                0x4a020270       0x60 drivers/built-in.o
 .text.disp_getprop_regbase
                0x4a0202d0       0xcc drivers/built-in.o
                0x4a0202d0                disp_getprop_regbase
 .text.disp_getprop_irq
                0x4a02039c       0xd4 drivers/built-in.o
                0x4a02039c                disp_getprop_irq
 .text.disp_set_hdmi_func
                0x4a020470        0x4 drivers/built-in.o
                0x4a020470                disp_set_hdmi_func
 .text.drv_disp_init
                0x4a020474      0x380 drivers/built-in.o
                0x4a020474                drv_disp_init
 .text.drv_disp_exit
                0x4a0207f4       0x48 drivers/built-in.o
                0x4a0207f4                drv_disp_exit
 .text.sunxi_disp_get_source_ops
                0x4a02083c      0x148 drivers/built-in.o
                0x4a02083c                sunxi_disp_get_source_ops
 .text.disp_ioctl
                0x4a020984      0x99c drivers/built-in.o
                0x4a020984                disp_ioctl
 .text.disp_sys_register_irq
                0x4a021320       0x18 drivers/built-in.o
                0x4a021320                disp_sys_register_irq
 .text.disp_sys_unregister_irq
                0x4a021338        0x4 drivers/built-in.o
                0x4a021338                disp_sys_unregister_irq
 .text.disp_sys_enable_irq
                0x4a02133c        0x4 drivers/built-in.o
                0x4a02133c                disp_sys_enable_irq
 .text.disp_sys_disable_irq
                0x4a021340        0x4 drivers/built-in.o
                0x4a021340                disp_sys_disable_irq
 .text.spin_lock_init
                0x4a021344        0x4 drivers/built-in.o
                0x4a021344                spin_lock_init
 .text.mutex_init
                0x4a021348        0x4 drivers/built-in.o
                0x4a021348                mutex_init
 .text.mutex_lock
                0x4a02134c        0x4 drivers/built-in.o
                0x4a02134c                mutex_lock
 .text.mutex_unlock
                0x4a021350        0x4 drivers/built-in.o
                0x4a021350                mutex_unlock
 .text.tasklet_init
                0x4a021354       0x2c drivers/built-in.o
                0x4a021354                tasklet_init
 .text.tasklet_schedule
                0x4a021380       0x2c drivers/built-in.o
                0x4a021380                tasklet_schedule
 .text.kmalloc  0x4a0213ac       0x28 drivers/built-in.o
                0x4a0213ac                kmalloc
 .text.kfree    0x4a0213d4        0x4 drivers/built-in.o
                0x4a0213d4                kfree
 .text.disp_fdt_init
                0x4a0213d8       0x54 drivers/built-in.o
                0x4a0213d8                disp_fdt_init
 .text.disp_fdt_nodeoffset
                0x4a02142c       0x54 drivers/built-in.o
                0x4a02142c                disp_fdt_nodeoffset
 .text.disp_sys_script_get_item
                0x4a021480       0x34 drivers/built-in.o
                0x4a021480                disp_sys_script_get_item
 .text.disp_sys_gpio_request
                0x4a0214b4       0x40 drivers/built-in.o
                0x4a0214b4                disp_sys_gpio_request
 .text.disp_sys_gpio_request_simple