sdmmc.c:21:1:sunxi_flash_mmc_read	8	static
sdmmc.c:31:1:sunxi_flash_mmc_write	8	static
sdmmc.c:40:1:sunxi_flash_mmc_size	0	static
sdmmc.c:46:1:sunxi_flash_mmc_init	0	static
sdmmc.c:57:5:sunxi_flash_mmc_phyread	8	static
sdmmc.c:62:5:sunxi_flash_mmc_phywrite	8	static
sdmmc.c:70:1:sunxi_sprite_mmc_read	8	static
sdmmc.c:79:1:sunxi_sprite_mmc_write	8	static
sdmmc.c:94:1:sunxi_sprite_mmc_size	0	static
sdmmc.c:100:1:sunxi_sprite_mmc_init	0	static
sdmmc.c:105:1:sunxi_sprite_mmc_exit	0	static
sdmmc.c:110:5:sunxi_sprite_mmc_phyread	8	static
sdmmc.c:115:5:sunxi_sprite_mmc_phywrite	8	static
sdmmc.c:138:5:sunxi_sprite_mmc_force_erase	0	static
sdmmc.c:51:1:sunxi_flash_mmc_exit	0	static
sdmmc.c:88:1:sunxi_sprite_mmc_erase	0	static
sdmmc.c:405:12:check_secure_storage_map	16	static
sdmmc.c:389:12:check_secure_storage_key	16	static
sdmmc.c:120:5:sunxi_sprite_mmc_phyerase	16	static
sdmmc.c:129:5:sunxi_sprite_mmc_phywipe	16	static
sdmmc.c:144:5:sunxi_flash_mmc_secread	8	static
sdmmc.c:149:5:sunxi_flash_mmc_secread_backup	8	static
sdmmc.c:154:5:sunxi_flash_mmc_secwrite	8	static
sdmmc.c:159:5:sunxi_sprite_mmc_secwrite	8	static
sdmmc.c:191:5:mmc_secure_storage_write	16	static
sdmmc.c:167:5:sunxi_sprite_mmc_secread	8	static
sdmmc.c:175:5:sunxi_sprite_mmc_secread_backup	8	static
sdmmc.c:183:5:mmc_secure_storage_read	40	static
sdmmc.c:223:5:sdmmc_init_for_boot	8	static
sdmmc.c:266:5:sdmmc_init_for_sprite	8	static
sdmmc.c:318:5:sdmmc_init_card0_for_sprite	8	static
sdmmc.c:366:5:card_read_boot0	16	static
