sunxi_flash.c:63:1:sunxi_null_op	0	static
sunxi_flash.c:68:1:sunxi_null_erase	0	static
sunxi_flash.c:74:1:sunxi_null_size	0	static
sunxi_flash.c:79:1:sunxi_null_init	0	static
sunxi_flash.c:84:1:sunxi_null_exit	0	static
sunxi_flash.c:89:1:sunxi_null_flush	0	static
sunxi_flash.c:94:1:sunxi_null_force_erase	0	static
sunxi_flash.c:99:1:sunxi_null_secstorage_read	0	static
sunxi_flash.c:105:1:sunxi_null_secstorage_write	0	static
sunxi_flash.c:127:12:nand_uboot_probe	0	static
sunxi_flash.c:131:35:nand_get_mbr	0	static
sunxi_flash.c:135:13:NAND_GetLogicPageSize	0	static
sunxi_flash.c:140:28:nand_init_for_boot	0	static
sunxi_flash.c:145:28:sdmmc_init_for_boot	0	static
sunxi_flash.c:149:28:spinor_init_for_boot	0	static
sunxi_flash.c:154:27:nand_init_for_sprite	0	static
sunxi_flash.c:158:27:sdmmc_init_for_sprite	0	static
sunxi_flash.c:162:27:sdmmc_init_card0_for_sprite	0	static
sunxi_flash.c:166:27:spinor_init_for_sprite	0	static
sunxi_flash.c:171:27:nand_read_uboot_data	0	static
sunxi_flash.c:176:28:nand_read_boot0	0	static
sunxi_flash.c:180:27:sunxi_download_boot0_atfter_ota	0	static
sunxi_flash.c:184:28:sunxi_sprite_download_uboot	0	static
sunxi_flash.c:188:28:card_erase	0	static
sunxi_flash.c:192:27:spinor_read_uboot	0	static
sunxi_flash.c:197:27:card_read_boot0	0	static
sunxi_flash.c:201:27:spinor_read_boot0	0	static
sunxi_flash.c:251:5:sunxi_flash_read	8	static
sunxi_flash.c:486:16:sunxi_flash_part_read	24	static
sunxi_flash.c:257:5:sunxi_flash_write	8	static
sunxi_flash.c:504:16:sunxi_flash_part_write	24	static
sunxi_flash.c:263:6:sunxi_flash_size	8	static
sunxi_flash.c:268:5:sunxi_flash_exit	8	static
sunxi_flash.c:273:5:sunxi_flash_flush	8	static
sunxi_flash.c:278:5:sunxi_flash_phyread	8	static
sunxi_flash.c:283:5:sunxi_flash_phywrite	8	static
sunxi_flash.c:291:5:sunxi_sprite_init	8	static
sunxi_flash.c:296:5:sunxi_sprite_read	8	static
sunxi_flash.c:301:5:sunxi_sprite_write	8	static
sunxi_flash.c:306:5:sunxi_sprite_erase	8	static
sunxi_flash.c:311:6:sunxi_sprite_size	8	static
sunxi_flash.c:316:5:sunxi_sprite_exit	8	static
sunxi_flash.c:321:5:sunxi_sprite_flush	8	static
sunxi_flash.c:326:5:sunxi_sprite_phyread	8	static
sunxi_flash.c:331:5:sunxi_sprite_phywrite	8	static
sunxi_flash.c:336:5:sunxi_sprite_force_erase	8	static
sunxi_flash.c:343:5:sunxi_flash_boot_handle	8	static
sunxi_flash.c:398:5:sunxi_flash_sprite_handle	8	static
sunxi_flash.c:478:19:sunxi_flash_get_dev	8	static
sunxi_flash.c:524:5:sunxi_flash_init_uboot	0	static
sunxi_flash.c:440:5:sunxi_flash_handle_init	16	static
sunxi_flash.c:561:5:read_boot_package	16	static
sunxi_flash.c:617:5:sunxi_flash_upload_boot0	16	static
sunxi_flash.c:659:5:sunxi_flash_get_boot0_size	32776	static
sunxi_flash.c:703:5:sunxi_nand_emmc_flash_update_boot0	16	static
sunxi_flash.c:747:5:sunxi_flash_update_boot0	8	static
sunxi_flash.c:770:5:sunxi_flash_update_fdt	32	static
sunxi_flash.c:846:5:sunxi_secstorage_read	8	static
sunxi_flash.c:851:5:sunxi_secstorage_write	8	static
